Archive member included to satisfy reference by file (symbol)

c:/st/stm32cubeide_1.7.0/stm32cubeide/plugins/com.st.stm32cube.ide.mcu.externaltools.gnu-tools-for-stm32.9-2020-q2-update.win32_2.0.0.202105311346/tools/bin/../lib/gcc/arm-none-eabi/9.3.1/../../../../arm-none-eabi/lib/thumb/v7-m/nofp\libc_nano.a(lib_a-errno.o)
                              ./Core/Src/syscalls.o (__errno)
c:/st/stm32cubeide_1.7.0/stm32cubeide/plugins/com.st.stm32cube.ide.mcu.externaltools.gnu-tools-for-stm32.9-2020-q2-update.win32_2.0.0.202105311346/tools/bin/../lib/gcc/arm-none-eabi/9.3.1/../../../../arm-none-eabi/lib/thumb/v7-m/nofp\libc_nano.a(lib_a-exit.o)
                              c:/st/stm32cubeide_1.7.0/stm32cubeide/plugins/com.st.stm32cube.ide.mcu.externaltools.gnu-tools-for-stm32.9-2020-q2-update.win32_2.0.0.202105311346/tools/bin/../lib/gcc/arm-none-eabi/9.3.1/../../../../arm-none-eabi/lib/thumb/v7-m/nofp/crt0.o (exit)
c:/st/stm32cubeide_1.7.0/stm32cubeide/plugins/com.st.stm32cube.ide.mcu.externaltools.gnu-tools-for-stm32.9-2020-q2-update.win32_2.0.0.202105311346/tools/bin/../lib/gcc/arm-none-eabi/9.3.1/../../../../arm-none-eabi/lib/thumb/v7-m/nofp\libc_nano.a(lib_a-impure.o)
                              c:/st/stm32cubeide_1.7.0/stm32cubeide/plugins/com.st.stm32cube.ide.mcu.externaltools.gnu-tools-for-stm32.9-2020-q2-update.win32_2.0.0.202105311346/tools/bin/../lib/gcc/arm-none-eabi/9.3.1/../../../../arm-none-eabi/lib/thumb/v7-m/nofp\libc_nano.a(lib_a-exit.o) (_global_impure_ptr)
c:/st/stm32cubeide_1.7.0/stm32cubeide/plugins/com.st.stm32cube.ide.mcu.externaltools.gnu-tools-for-stm32.9-2020-q2-update.win32_2.0.0.202105311346/tools/bin/../lib/gcc/arm-none-eabi/9.3.1/../../../../arm-none-eabi/lib/thumb/v7-m/nofp\libc_nano.a(lib_a-init.o)
                              c:/st/stm32cubeide_1.7.0/stm32cubeide/plugins/com.st.stm32cube.ide.mcu.externaltools.gnu-tools-for-stm32.9-2020-q2-update.win32_2.0.0.202105311346/tools/bin/../lib/gcc/arm-none-eabi/9.3.1/../../../../arm-none-eabi/lib/thumb/v7-m/nofp/crt0.o (__libc_init_array)
c:/st/stm32cubeide_1.7.0/stm32cubeide/plugins/com.st.stm32cube.ide.mcu.externaltools.gnu-tools-for-stm32.9-2020-q2-update.win32_2.0.0.202105311346/tools/bin/../lib/gcc/arm-none-eabi/9.3.1/../../../../arm-none-eabi/lib/thumb/v7-m/nofp\libc_nano.a(lib_a-memset.o)
                              c:/st/stm32cubeide_1.7.0/stm32cubeide/plugins/com.st.stm32cube.ide.mcu.externaltools.gnu-tools-for-stm32.9-2020-q2-update.win32_2.0.0.202105311346/tools/bin/../lib/gcc/arm-none-eabi/9.3.1/../../../../arm-none-eabi/lib/thumb/v7-m/nofp/crt0.o (memset)
c:/st/stm32cubeide_1.7.0/stm32cubeide/plugins/com.st.stm32cube.ide.mcu.externaltools.gnu-tools-for-stm32.9-2020-q2-update.win32_2.0.0.202105311346/tools/bin/../lib/gcc/arm-none-eabi/9.3.1/../../../../arm-none-eabi/lib/thumb/v7-m/nofp\libc_nano.a(lib_a-nano-vfprintf_float.o)
                              (_printf_float)
c:/st/stm32cubeide_1.7.0/stm32cubeide/plugins/com.st.stm32cube.ide.mcu.externaltools.gnu-tools-for-stm32.9-2020-q2-update.win32_2.0.0.202105311346/tools/bin/../lib/gcc/arm-none-eabi/9.3.1/../../../../arm-none-eabi/lib/thumb/v7-m/nofp\libc_nano.a(lib_a-nano-vfprintf_i.o)
                              c:/st/stm32cubeide_1.7.0/stm32cubeide/plugins/com.st.stm32cube.ide.mcu.externaltools.gnu-tools-for-stm32.9-2020-q2-update.win32_2.0.0.202105311346/tools/bin/../lib/gcc/arm-none-eabi/9.3.1/../../../../arm-none-eabi/lib/thumb/v7-m/nofp\libc_nano.a(lib_a-nano-vfprintf_float.o) (_printf_common)
c:/st/stm32cubeide_1.7.0/stm32cubeide/plugins/com.st.stm32cube.ide.mcu.externaltools.gnu-tools-for-stm32.9-2020-q2-update.win32_2.0.0.202105311346/tools/bin/../lib/gcc/arm-none-eabi/9.3.1/../../../../arm-none-eabi/lib/thumb/v7-m/nofp\libc_nano.a(lib_a-sprintf.o)
                              ./Core/Src/main.o (sprintf)
c:/st/stm32cubeide_1.7.0/stm32cubeide/plugins/com.st.stm32cube.ide.mcu.externaltools.gnu-tools-for-stm32.9-2020-q2-update.win32_2.0.0.202105311346/tools/bin/../lib/gcc/arm-none-eabi/9.3.1/../../../../arm-none-eabi/lib/thumb/v7-m/nofp\libc_nano.a(lib_a-strlen.o)
                              c:/st/stm32cubeide_1.7.0/stm32cubeide/plugins/com.st.stm32cube.ide.mcu.externaltools.gnu-tools-for-stm32.9-2020-q2-update.win32_2.0.0.202105311346/tools/bin/../lib/gcc/arm-none-eabi/9.3.1/../../../../arm-none-eabi/lib/thumb/v7-m/nofp\libc_nano.a(lib_a-nano-vfprintf_float.o) (strlen)
c:/st/stm32cubeide_1.7.0/stm32cubeide/plugins/com.st.stm32cube.ide.mcu.externaltools.gnu-tools-for-stm32.9-2020-q2-update.win32_2.0.0.202105311346/tools/bin/../lib/gcc/arm-none-eabi/9.3.1/../../../../arm-none-eabi/lib/thumb/v7-m/nofp\libc_nano.a(lib_a-dtoa.o)
                              c:/st/stm32cubeide_1.7.0/stm32cubeide/plugins/com.st.stm32cube.ide.mcu.externaltools.gnu-tools-for-stm32.9-2020-q2-update.win32_2.0.0.202105311346/tools/bin/../lib/gcc/arm-none-eabi/9.3.1/../../../../arm-none-eabi/lib/thumb/v7-m/nofp\libc_nano.a(lib_a-nano-vfprintf_float.o) (_dtoa_r)
[...]
Memory Configuration

Name             Origin             Length             Attributes
RAM              0x0000000020000000 0x0000000000014000 xrw
FLASH            0x0000000008000000 0x0000000000080000 xr
*default*        0x0000000000000000 0xffffffffffffffff

Linker script and memory map

LOAD c:/st/stm32cubeide_1.7.0/stm32cubeide/plugins/com.st.stm32cube.ide.mcu.externaltools.gnu-tools-for-stm32.9-2020-q2-update.win32_2.0.0.202105311346/tools/bin/../lib/gcc/arm-none-eabi/9.3.1/thumb/v7-m/nofp/crti.o
LOAD c:/st/stm32cubeide_1.7.0/stm32cubeide/plugins/com.st.stm32cube.ide.mcu.externaltools.gnu-tools-for-stm32.9-2020-q2-update.win32_2.0.0.202105311346/tools/bin/../lib/gcc/arm-none-eabi/9.3.1/thumb/v7-m/nofp/crtbegin.o
LOAD c:/st/stm32cubeide_1.7.0/stm32cubeide/plugins/com.st.stm32cube.ide.mcu.externaltools.gnu-tools-for-stm32.9-2020-q2-update.win32_2.0.0.202105311346/tools/bin/../lib/gcc/arm-none-eabi/9.3.1/../../../../arm-none-eabi/lib/thumb/v7-m/nofp/crt0.o
LOAD ./Core/Src/DHT22.o
LOAD ./Core/Src/STH31.o
LOAD ./Core/Src/gpio.o
LOAD ./Core/Src/i2c.o
LOAD ./Core/Src/lib_lcd.o
LOAD ./Core/Src/main.o
LOAD ./Core/Src/rtc.o
LOAD ./Core/Src/stm32l1xx_hal_msp.o
LOAD ./Core/Src/stm32l1xx_it.o
LOAD ./Core/Src/syscalls.o
LOAD ./Core/Src/sysmem.o
LOAD ./Core/Src/system_stm32l1xx.o
LOAD ./Core/Src/tim.o
LOAD ./Core/Src/usart.o
LOAD ./Core/Startup/startup_stm32l152retx.o
LOAD ./Drivers/STM32L1xx_HAL_Driver/Src/stm32l1xx_hal.o
LOAD ./Drivers/STM32L1xx_HAL_Driver/Src/stm32l1xx_hal_cortex.o
LOAD ./Drivers/STM32L1xx_HAL_Driver/Src/stm32l1xx_hal_dma.o
LOAD ./Drivers/STM32L1xx_HAL_Driver/Src/stm32l1xx_hal_exti.o
LOAD ./Drivers/STM32L1xx_HAL_Driver/Src/stm32l1xx_hal_flash.o
LOAD ./Drivers/STM32L1xx_HAL_Driver/Src/stm32l1xx_hal_flash_ex.o
LOAD ./Drivers/STM32L1xx_HAL_Driver/Src/stm32l1xx_hal_flash_ramfunc.o
LOAD ./Drivers/STM32L1xx_HAL_Driver/Src/stm32l1xx_hal_gpio.o
LOAD ./Drivers/STM32L1xx_HAL_Driver/Src/stm32l1xx_hal_i2c.o
LOAD ./Drivers/STM32L1xx_HAL_Driver/Src/stm32l1xx_hal_pwr.o
LOAD ./Drivers/STM32L1xx_HAL_Driver/Src/stm32l1xx_hal_pwr_ex.o
LOAD ./Drivers/STM32L1xx_HAL_Driver/Src/stm32l1xx_hal_rcc.o
LOAD ./Drivers/STM32L1xx_HAL_Driver/Src/stm32l1xx_hal_rcc_ex.o
LOAD ./Drivers/STM32L1xx_HAL_Driver/Src/stm32l1xx_hal_rtc.o
LOAD ./Drivers/STM32L1xx_HAL_Driver/Src/stm32l1xx_hal_rtc_ex.o
LOAD ./Drivers/STM32L1xx_HAL_Driver/Src/stm32l1xx_hal_tim.o
LOAD ./Drivers/STM32L1xx_HAL_Driver/Src/stm32l1xx_hal_tim_ex.o
LOAD ./Drivers/STM32L1xx_HAL_Driver/Src/stm32l1xx_hal_uart.o
START GROUP
LOAD c:/st/stm32cubeide_1.7.0/stm32cubeide/plugins/com.st.stm32cube.ide.mcu.externaltools.gnu-tools-for-stm32.9-2020-q2-update.win32_2.0.0.202105311346/tools/bin/../lib/gcc/arm-none-eabi/9.3.1/../../../../arm-none-eabi/lib/thumb/v7-m/nofp\libc_nano.a
LOAD c:/st/stm32cubeide_1.7.0/stm32cubeide/plugins/com.st.stm32cube.ide.mcu.externaltools.gnu-tools-for-stm32.9-2020-q2-update.win32_2.0.0.202105311346/tools/bin/../lib/gcc/arm-none-eabi/9.3.1/../../../../arm-none-eabi/lib/thumb/v7-m/nofp\libm.a
END GROUP
START GROUP
LOAD c:/st/stm32cubeide_1.7.0/stm32cubeide/plugins/com.st.stm32cube.ide.mcu.externaltools.gnu-tools-for-stm32.9-2020-q2-update.win32_2.0.0.202105311346/tools/bin/../lib/gcc/arm-none-eabi/9.3.1/thumb/v7-m/nofp\libgcc.a
LOAD c:/st/stm32cubeide_1.7.0/stm32cubeide/plugins/com.st.stm32cube.ide.mcu.externaltools.gnu-tools-for-stm32.9-2020-q2-update.win32_2.0.0.202105311346/tools/bin/../lib/gcc/arm-none-eabi/9.3.1/../../../../arm-none-eabi/lib/thumb/v7-m/nofp\libc_nano.a
END GROUP
START GROUP
LOAD c:/st/stm32cubeide_1.7.0/stm32cubeide/plugins/com.st.stm32cube.ide.mcu.externaltools.gnu-tools-for-stm32.9-2020-q2-update.win32_2.0.0.202105311346/tools/bin/../lib/gcc/arm-none-eabi/9.3.1/thumb/v7-m/nofp\libgcc.a
LOAD c:/st/stm32cubeide_1.7.0/stm32cubeide/plugins/com.st.stm32cube.ide.mcu.externaltools.gnu-tools-for-stm32.9-2020-q2-update.win32_2.0.0.202105311346/tools/bin/../lib/gcc/arm-none-eabi/9.3.1/../../../../arm-none-eabi/lib/thumb/v7-m/nofp\libc_nano.a
LOAD c:/st/stm32cubeide_1.7.0/stm32cubeide/plugins/com.st.stm32cube.ide.mcu.externaltools.gnu-tools-for-stm32.9-2020-q2-update.win32_2.0.0.202105311346/tools/bin/../lib/gcc/arm-none-eabi/9.3.1/../../../../arm-none-eabi/lib/thumb/v7-m/nofp\libnosys.a
END GROUP
START GROUP
LOAD c:/st/stm32cubeide_1.7.0/stm32cubeide/plugins/com.st.stm32cube.ide.mcu.externaltools.gnu-tools-for-stm32.9-2020-q2-update.win32_2.0.0.202105311346/tools/bin/../lib/gcc/arm-none-eabi/9.3.1/thumb/v7-m/nofp\libgcc.a
LOAD c:/st/stm32cubeide_1.7.0/stm32cubeide/plugins/com.st.stm32cube.ide.mcu.externaltools.gnu-tools-for-stm32.9-2020-q2-update.win32_2.0.0.202105311346/tools/bin/../lib/gcc/arm-none-eabi/9.3.1/../../../../arm-none-eabi/lib/thumb/v7-m/nofp\libc_nano.a
LOAD c:/st/stm32cubeide_1.7.0/stm32cubeide/plugins/com.st.stm32cube.ide.mcu.externaltools.gnu-tools-for-stm32.9-2020-q2-update.win32_2.0.0.202105311346/tools/bin/../lib/gcc/arm-none-eabi/9.3.1/../../../../arm-none-eabi/lib/thumb/v7-m/nofp\libnosys.a
END GROUP
LOAD c:/st/stm32cubeide_1.7.0/stm32cubeide/plugins/com.st.stm32cube.ide.mcu.externaltools.gnu-tools-for-stm32.9-2020-q2-update.win32_2.0.0.202105311346/tools/bin/../lib/gcc/arm-none-eabi/9.3.1/thumb/v7-m/nofp/crtend.o
LOAD c:/st/stm32cubeide_1.7.0/stm32cubeide/plugins/com.st.stm32cube.ide.mcu.externaltools.gnu-tools-for-stm32.9-2020-q2-update.win32_2.0.0.202105311346/tools/bin/../lib/gcc/arm-none-eabi/9.3.1/thumb/v7-m/nofp/crtn.o
                0x0000000020014000                _estack = (ORIGIN (RAM) + LENGTH (RAM))
                0x0000000000000200                _Min_Heap_Size = 0x200
                0x0000000000000400                _Min_Stack_Size = 0x400

.isr_vector     0x0000000008000000      0x13c
                0x0000000008000000                . = ALIGN (0x4)
 *(.isr_vector)
 .isr_vector    0x0000000008000000      0x13c ./Core/Startup/startup_stm32l152retx.o
                0x0000000008000000                g_pfnVectors
                0x000000000800013c                . = ALIGN (0x4)

.text           0x0000000008000140     0xaca4
                0x0000000008000140                . = ALIGN (0x4)
 *(.text)
 .text          0x0000000008000140       0x40 c:/st/stm32cubeide_1.7.0/stm32cubeide/plugins/com.st.stm32cube.ide.mcu.externaltools.gnu-tools-for-stm32.9-2020-q2-update.win32_2.0.0.202105311346/tools/bin/../lib/gcc/arm-none-eabi/9.3.1/thumb/v7-m/nofp/crtbegin.o
 .text          0x0000000008000180       0x10 c:/st/stm32cubeide_1.7.0/stm32cubeide/plugins/com.st.stm32cube.ide.mcu.externaltools.gnu-tools-for-stm32.9-2020-q2-update.win32_2.0.0.202105311346/tools/bin/../lib/gcc/arm-none-eabi/9.3.1/../../../../arm-none-eabi/lib/thumb/v7-m/nofp\libc_nano.a(lib_a-strlen.o)
                0x0000000008000180                strlen
 .text          0x0000000008000190      0x378 c:/st/stm32cubeide_1.7.0/stm32cubeide/plugins/com.st.stm32cube.ide.mcu.externaltools.gnu-tools-for-stm32.9-2020-q2-update.win32_2.0.0.202105311346/tools/bin/../lib/gcc/arm-none-eabi/9.3.1/thumb/v7-m/nofp\libgcc.a(_arm_addsubdf3.o)
                0x0000000008000190                __aeabi_drsub
                0x0000000008000198                __aeabi_dsub
                0x0000000008000198                __subdf3
                0x000000000800019c                __aeabi_dadd
                0x000000000800019c                __adddf3
                0x0000000008000414                __floatunsidf
                0x0000000008000414                __aeabi_ui2d
                0x0000000008000434                __floatsidf
                0x0000000008000434                __aeabi_i2d
                0x0000000008000458                __aeabi_f2d
                0x0000000008000458                __extendsfdf2
                0x000000000800049c                __floatundidf
                0x000000000800049c                __aeabi_ul2d
                0x00000000080004ac                __floatdidf
                0x00000000080004ac                __aeabi_l2d
 .text          0x0000000008000508      0x424 c:/st/stm32cubeide_1.7.0/stm32cubeide/plugins/com.st.stm32cube.ide.mcu.externaltools.gnu-tools-for-stm32.9-2020-q2-update.win32_2.0.0.202105311346/tools/bin/../lib/gcc/arm-none-eabi/9.3.1/thumb/v7-m/nofp\libgcc.a(_arm_muldivdf3.o)
                0x0000000008000508                __aeabi_dmul
                0x0000000008000508                __muldf3
                0x000000000800075c                __divdf3
                0x000000000800075c                __aeabi_ddiv
 .text          0x000000000800092c      0x110 c:/st/stm32cubeide_1.7.0/stm32cubeide/plugins/com.st.stm32cube.ide.mcu.externaltools.gnu-tools-for-stm32.9-2020-q2-update.win32_2.0.0.202105311346/tools/bin/../lib/gcc/arm-none-eabi/9.3.1/thumb/v7-m/nofp\libgcc.a(_arm_cmpdf2.o)
                0x000000000800092c                __gtdf2
                0x000000000800092c                __gedf2
                0x0000000008000934                __ltdf2
                0x0000000008000934                __ledf2
                0x000000000800093c                __nedf2
                0x000000000800093c                __eqdf2
                0x000000000800093c                __cmpdf2
                0x00000000080009b8                __aeabi_cdrcmple
                0x00000000080009c8                __aeabi_cdcmpeq
                0x00000000080009c8                __aeabi_cdcmple
                0x00000000080009d8                __aeabi_dcmpeq
                0x00000000080009ec                __aeabi_dcmplt
                0x0000000008000a00                __aeabi_dcmple
                0x0000000008000a14                __aeabi_dcmpge
                0x0000000008000a28                __aeabi_dcmpgt
 .text          0x0000000008000a3c       0x2c c:/st/stm32cubeide_1.7.0/stm32cubeide/plugins/com.st.stm32cube.ide.mcu.externaltools.gnu-tools-for-stm32.9-2020-q2-update.win32_2.0.0.202105311346/tools/bin/../lib/gcc/arm-none-eabi/9.3.1/thumb/v7-m/nofp\libgcc.a(_arm_unorddf2.o)
                0x0000000008000a3c                __unorddf2
                0x0000000008000a3c                __aeabi_dcmpun
 .text          0x0000000008000a68       0x50 c:/st/stm32cubeide_1.7.0/stm32cubeide/plugins/com.st.stm32cube.ide.mcu.externaltools.gnu-tools-for-stm32.9-2020-q2-update.win32_2.0.0.202105311346/tools/bin/../lib/gcc/arm-none-eabi/9.3.1/thumb/v7-m/nofp\libgcc.a(_arm_fixdfsi.o)
                0x0000000008000a68                __aeabi_d2iz
                0x0000000008000a68                __fixdfsi
 .text          0x0000000008000ab8       0x40 c:/st/stm32cubeide_1.7.0/stm32cubeide/plugins/com.st.stm32cube.ide.mcu.externaltools.gnu-tools-for-stm32.9-2020-q2-update.win32_2.0.0.202105311346/tools/bin/../lib/gcc/arm-none-eabi/9.3.1/thumb/v7-m/nofp\libgcc.a(_arm_fixunsdfsi.o)
                0x0000000008000ab8                __aeabi_d2uiz
                0x0000000008000ab8                __fixunsdfsi
 .text          0x0000000008000af8       0xa0 c:/st/stm32cubeide_1.7.0/stm32cubeide/plugins/com.st.stm32cube.ide.mcu.externaltools.gnu-tools-for-stm32.9-2020-q2-update.win32_2.0.0.202105311346/tools/bin/../lib/gcc/arm-none-eabi/9.3.1/thumb/v7-m/nofp\libgcc.a(_arm_truncdfsf2.o)
                0x0000000008000af8                __truncdfsf2
                0x0000000008000af8                __aeabi_d2f
 .text          0x0000000008000b98      0x21c c:/st/stm32cubeide_1.7.0/stm32cubeide/plugins/com.st.stm32cube.ide.mcu.externaltools.gnu-tools-for-stm32.9-2020-q2-update.win32_2.0.0.202105311346/tools/bin/../lib/gcc/arm-none-eabi/9.3.1/thumb/v7-m/nofp\libgcc.a(_arm_addsubsf3.o)
                0x0000000008000b98                __aeabi_frsub
                0x0000000008000ba0                __subsf3
                0x0000000008000ba0                __aeabi_fsub
                0x0000000008000ba4                __aeabi_fadd
                0x0000000008000ba4                __addsf3
                0x0000000008000d04                __aeabi_ui2f
                0x0000000008000d04                __floatunsisf
                0x0000000008000d0c                __aeabi_i2f
                0x0000000008000d0c                __floatsisf
                0x0000000008000d28                __aeabi_ul2f
                0x0000000008000d28                __floatundisf
                0x0000000008000d38                __aeabi_l2f
                0x0000000008000d38                __floatdisf
 .text          0x0000000008000db4      0x2a0 c:/st/stm32cubeide_1.7.0/stm32cubeide/plugins/com.st.stm32cube.ide.mcu.externaltools.gnu-tools-for-stm32.9-2020-q2-update.win32_2.0.0.202105311346/tools/bin/../lib/gcc/arm-none-eabi/9.3.1/thumb/v7-m/nofp\libgcc.a(_arm_muldivsf3.o)
                0x0000000008000db4                __mulsf3
                0x0000000008000db4                __aeabi_fmul
                0x0000000008000f1c                __aeabi_fdiv
                0x0000000008000f1c                __divsf3
 .text          0x0000000008001054       0x40 c:/st/stm32cubeide_1.7.0/stm32cubeide/plugins/com.st.stm32cube.ide.mcu.externaltools.gnu-tools-for-stm32.9-2020-q2-update.win32_2.0.0.202105311346/tools/bin/../lib/gcc/arm-none-eabi/9.3.1/thumb/v7-m/nofp\libgcc.a(_arm_fixunssfsi.o)
                0x0000000008001054                __fixunssfsi
                0x0000000008001054                __aeabi_f2uiz
 .text          0x0000000008001094       0x30 c:/st/stm32cubeide_1.7.0/stm32cubeide/plugins/com.st.stm32cube.ide.mcu.externaltools.gnu-tools-for-stm32.9-2020-q2-update.win32_2.0.0.202105311346/tools/bin/../lib/gcc/arm-none-eabi/9.3.1/thumb/v7-m/nofp\libgcc.a(_aeabi_uldivmod.o)
                0x0000000008001094                __aeabi_uldivmod
 .text          0x00000000080010c4      0x2c4 c:/st/stm32cubeide_1.7.0/stm32cubeide/plugins/com.st.stm32cube.ide.mcu.externaltools.gnu-tools-for-stm32.9-2020-q2-update.win32_2.0.0.202105311346/tools/bin/../lib/gcc/arm-none-eabi/9.3.1/thumb/v7-m/nofp\libgcc.a(_udivmoddi4.o)
                0x00000000080010c4                __udivmoddi4
 .text          0x0000000008001388        0x4 c:/st/stm32cubeide_1.7.0/stm32cubeide/plugins/com.st.stm32cube.ide.mcu.externaltools.gnu-tools-for-stm32.9-2020-q2-update.win32_2.0.0.202105311346/tools/bin/../lib/gcc/arm-none-eabi/9.3.1/thumb/v7-m/nofp\libgcc.a(_dvmd_tls.o)
                0x0000000008001388                __aeabi_idiv0
                0x0000000008001388                __aeabi_ldiv0
 *(.text*)
 .text.DHT22_Init
                0x000000000800138c       0x74 ./Core/Src/DHT22.o
                0x000000000800138c                DHT22_Init
 .text.DHT22_ReadData
                0x0000000008001400      0x144 ./Core/Src/DHT22.o
                0x0000000008001400                DHT22_ReadData
 .text.set_sensor_pin_mode
                0x0000000008001544       0x7c ./Core/Src/DHT22.o
 .text.timer_init
                0x00000000080015c0       0xa8 ./Core/Src/DHT22.o
 .text.HAL_TIM_PeriodElapsedCallback
                0x0000000008001668       0x34 ./Core/Src/DHT22.o
                0x0000000008001668                HAL_TIM_PeriodElapsedCallback
 .text.HAL_GPIO_EXTI_Callback
                0x000000000800169c       0xd8 ./Core/Src/DHT22.o
                0x000000000800169c                HAL_GPIO_EXTI_Callback
 *fill*         0x0000000008001774        0x4 
 .text.SHT31_readData
                0x0000000008001778      0x108 ./Core/Src/STH31.o
                0x0000000008001778                SHT31_readData
 .text.MX_GPIO_Init
                0x0000000008001880       0xf8 ./Core/Src/gpio.o
                0x0000000008001880                MX_GPIO_Init
 .text.MX_I2C1_Init
                0x0000000008001978       0x5c ./Core/Src/i2c.o
                0x0000000008001978                MX_I2C1_Init
 .text.HAL_I2C_MspInit
                0x00000000080019d4       0xa8 ./Core/Src/i2c.o
                0x00000000080019d4                HAL_I2C_MspInit
 .text.lcd_init
                0x0000000008001a7c      0x1ec ./Core/Src/lib_lcd.o
                0x0000000008001a7c                lcd_init
 .text.lcd_print
                0x0000000008001c68       0x52 ./Core/Src/lib_lcd.o
                0x0000000008001c68                lcd_print
 .text.lcd_position
                0x0000000008001cba       0x50 ./Core/Src/lib_lcd.o
                0x0000000008001cba                lcd_position
 *fill*         0x0000000008001d0a        0x2 
 .text.reglagecouleur
                0x0000000008001d0c       0x78 ./Core/Src/lib_lcd.o
                0x0000000008001d0c                reglagecouleur
 .text.main     0x0000000008001d84      0x2fc ./Core/Src/main.o
                0x0000000008001d84                main
 .text.SystemClock_Config
                0x0000000008002080       0xc8 ./Core/Src/main.o
                0x0000000008002080                SystemClock_Config
 .text.Error_Handler
                0x0000000008002148        0xa ./Core/Src/main.o
                0x0000000008002148                Error_Handler
 *fill*         0x0000000008002152        0x2 
 .text.MX_RTC_Init
                0x0000000008002154      0x138 ./Core/Src/rtc.o
                0x0000000008002154                MX_RTC_Init
 .text.HAL_RTC_MspInit
                0x000000000800228c       0x8c ./Core/Src/rtc.o
                0x000000000800228c                HAL_RTC_MspInit
 .text.HAL_MspInit
                0x0000000008002318       0x60 ./Core/Src/stm32l1xx_hal_msp.o
                0x0000000008002318                HAL_MspInit
 .text.NMI_Handler
                0x0000000008002378        0x6 ./Core/Src/stm32l1xx_it.o
                0x0000000008002378                NMI_Handler
 .text.HardFault_Handler
                0x000000000800237e        0x6 ./Core/Src/stm32l1xx_it.o
                0x000000000800237e                HardFault_Handler
 .text.MemManage_Handler
                0x0000000008002384        0x6 ./Core/Src/stm32l1xx_it.o
                0x0000000008002384                MemManage_Handler
 .text.BusFault_Handler
                0x000000000800238a        0x6 ./Core/Src/stm32l1xx_it.o
                0x000000000800238a                BusFault_Handler
 .text.UsageFault_Handler
                0x0000000008002390        0x6 ./Core/Src/stm32l1xx_it.o
                0x0000000008002390                UsageFault_Handler
 .text.SVC_Handler
                0x0000000008002396        0xc ./Core/Src/stm32l1xx_it.o
                0x0000000008002396                SVC_Handler
 .text.DebugMon_Handler
                0x00000000080023a2        0xc ./Core/Src/stm32l1xx_it.o
                0x00000000080023a2                DebugMon_Handler
 .text.PendSV_Handler
                0x00000000080023ae        0xc ./Core/Src/stm32l1xx_it.o
                0x00000000080023ae                PendSV_Handler
 .text.SysTick_Handler
                0x00000000080023ba        0xc ./Core/Src/stm32l1xx_it.o
                0x00000000080023ba                SysTick_Handler
 .text.EXTI0_IRQHandler
                0x00000000080023c6        0xe ./Core/Src/stm32l1xx_it.o
                0x00000000080023c6                EXTI0_IRQHandler
 .text.I2C1_EV_IRQHandler
                0x00000000080023d4       0x14 ./Core/Src/stm32l1xx_it.o
                0x00000000080023d4                I2C1_EV_IRQHandler
 .text.I2C1_ER_IRQHandler
                0x00000000080023e8       0x14 ./Core/Src/stm32l1xx_it.o
                0x00000000080023e8                I2C1_ER_IRQHandler
 .text.USART2_IRQHandler
                0x00000000080023fc       0x14 ./Core/Src/stm32l1xx_it.o
                0x00000000080023fc                USART2_IRQHandler
 .text.RTC_Alarm_IRQHandler
                0x0000000008002410       0x14 ./Core/Src/stm32l1xx_it.o
                0x0000000008002410                RTC_Alarm_IRQHandler
 .text.TIM7_IRQHandler
                0x0000000008002424       0x14 ./Core/Src/stm32l1xx_it.o
                0x0000000008002424                TIM7_IRQHandler
 .text._getpid  0x0000000008002438        0xe ./Core/Src/syscalls.o
                0x0000000008002438                _getpid
 .text._kill    0x0000000008002446       0x20 ./Core/Src/syscalls.o
                0x0000000008002446                _kill
 .text._exit    0x0000000008002466       0x14 ./Core/Src/syscalls.o
                0x0000000008002466                _exit
 .text._read    0x000000000800247a       0x3a ./Core/Src/syscalls.o
                0x000000000800247a                _read
 .text._write   0x00000000080024b4       0x38 ./Core/Src/syscalls.o
                0x00000000080024b4                _write
 .text._close   0x00000000080024ec       0x16 ./Core/Src/syscalls.o
                0x00000000080024ec                _close
 .text._fstat   0x0000000008002502       0x1e ./Core/Src/syscalls.o
                0x0000000008002502                _fstat
 .text._isatty  0x0000000008002520       0x14 ./Core/Src/syscalls.o
                0x0000000008002520                _isatty
 .text._lseek   0x0000000008002534       0x18 ./Core/Src/syscalls.o
                0x0000000008002534                _lseek
 .text._sbrk    0x000000000800254c       0x6c ./Core/Src/sysmem.o
                0x000000000800254c                _sbrk
 .text.SystemInit
                0x00000000080025b8        0xc ./Core/Src/system_stm32l1xx.o
                0x00000000080025b8                SystemInit
 .text.MX_TIM7_Init
                0x00000000080025c4       0x68 ./Core/Src/tim.o
                0x00000000080025c4                MX_TIM7_Init
 .text.HAL_TIM_Base_MspInit
                0x000000000800262c       0x4c ./Core/Src/tim.o
                0x000000000800262c                HAL_TIM_Base_MspInit
 .text.MX_USART2_UART_Init
                0x0000000008002678       0x54 ./Core/Src/usart.o
                0x0000000008002678                MX_USART2_UART_Init
 .text.HAL_UART_MspInit
                0x00000000080026cc       0x98 ./Core/Src/usart.o
                0x00000000080026cc                HAL_UART_MspInit
 .text.Reset_Handler
                0x0000000008002764       0x48 ./Core/Startup/startup_stm32l152retx.o
                0x0000000008002764                Reset_Handler
 .text.Default_Handler
                0x00000000080027ac        0x2 ./Core/Startup/startup_stm32l152retx.o
                0x00000000080027ac                EXTI2_IRQHandler
                0x00000000080027ac                COMP_ACQ_IRQHandler
                0x00000000080027ac                TIM10_IRQHandler
                0x00000000080027ac                USB_HP_IRQHandler
                0x00000000080027ac                TIM6_IRQHandler
                0x00000000080027ac                PVD_IRQHandler
                0x00000000080027ac                EXTI3_IRQHandler
                0x00000000080027ac                I2C2_EV_IRQHandler
                0x00000000080027ac                SPI1_IRQHandler
                0x00000000080027ac                USB_FS_WKUP_IRQHandler
                0x00000000080027ac                DMA2_Channel2_IRQHandler
                0x00000000080027ac                DMA1_Channel4_IRQHandler
                0x00000000080027ac                ADC1_IRQHandler
                0x00000000080027ac                USART3_IRQHandler
                0x00000000080027ac                DMA1_Channel7_IRQHandler
                0x00000000080027ac                LCD_IRQHandler
                0x00000000080027ac                UART5_IRQHandler
                0x00000000080027ac                TIM4_IRQHandler
                0x00000000080027ac                DMA2_Channel1_IRQHandler
                0x00000000080027ac                DMA1_Channel6_IRQHandler
                0x00000000080027ac                UART4_IRQHandler
                0x00000000080027ac                DMA2_Channel4_IRQHandler
                0x00000000080027ac                TIM3_IRQHandler
                0x00000000080027ac                RCC_IRQHandler
                0x00000000080027ac                DMA1_Channel1_IRQHandler
                0x00000000080027ac                Default_Handler
                0x00000000080027ac                EXTI15_10_IRQHandler
                0x00000000080027ac                TIM5_IRQHandler
                0x00000000080027ac                EXTI9_5_IRQHandler
                0x00000000080027ac                TIM9_IRQHandler
                0x00000000080027ac                TAMPER_STAMP_IRQHandler
                0x00000000080027ac                RTC_WKUP_IRQHandler
                0x00000000080027ac                SPI2_IRQHandler
                0x00000000080027ac                DMA2_Channel5_IRQHandler
                0x00000000080027ac                DMA1_Channel5_IRQHandler
                0x00000000080027ac                USB_LP_IRQHandler
                0x00000000080027ac                EXTI4_IRQHandler
                0x00000000080027ac                DMA1_Channel3_IRQHandler
                0x00000000080027ac                COMP_IRQHandler
                0x00000000080027ac                WWDG_IRQHandler
                0x00000000080027ac                TIM2_IRQHandler
                0x00000000080027ac                DAC_IRQHandler
                0x00000000080027ac                EXTI1_IRQHandler
                0x00000000080027ac                TIM11_IRQHandler
                0x00000000080027ac                I2C2_ER_IRQHandler
                0x00000000080027ac                DMA1_Channel2_IRQHandler
                0x00000000080027ac                FLASH_IRQHandler
                0x00000000080027ac                USART1_IRQHandler
                0x00000000080027ac                SPI3_IRQHandler
                0x00000000080027ac                DMA2_Channel3_IRQHandler
 .text.HAL_Init
                0x00000000080027ae       0x30 ./Drivers/STM32L1xx_HAL_Driver/Src/stm32l1xx_hal.o
                0x00000000080027ae                HAL_Init
 *fill*         0x00000000080027de        0x2 
 .text.HAL_InitTick
                0x00000000080027e0       0x74 ./Drivers/STM32L1xx_HAL_Driver/Src/stm32l1xx_hal.o
                0x00000000080027e0                HAL_InitTick
 .text.HAL_IncTick
                0x0000000008002854       0x24 ./Drivers/STM32L1xx_HAL_Driver/Src/stm32l1xx_hal.o
                0x0000000008002854                HAL_IncTick
 .text.HAL_GetTick
                0x0000000008002878       0x14 ./Drivers/STM32L1xx_HAL_Driver/Src/stm32l1xx_hal.o
                0x0000000008002878                HAL_GetTick
 .text.HAL_Delay
                0x000000000800288c       0x44 ./Drivers/STM32L1xx_HAL_Driver/Src/stm32l1xx_hal.o
                0x000000000800288c                HAL_Delay
 .text.__NVIC_SetPriorityGrouping
                0x00000000080028d0       0x48 ./Drivers/STM32L1xx_HAL_Driver/Src/stm32l1xx_hal_cortex.o
 .text.__NVIC_GetPriorityGrouping
                0x0000000008002918       0x1c ./Drivers/STM32L1xx_HAL_Driver/Src/stm32l1xx_hal_cortex.o
 .text.__NVIC_EnableIRQ
                0x0000000008002934       0x38 ./Drivers/STM32L1xx_HAL_Driver/Src/stm32l1xx_hal_cortex.o
 .text.__NVIC_DisableIRQ
                0x000000000800296c       0x48 ./Drivers/STM32L1xx_HAL_Driver/Src/stm32l1xx_hal_cortex.o
 .text.__NVIC_SetPriority
                0x00000000080029b4       0x54 ./Drivers/STM32L1xx_HAL_Driver/Src/stm32l1xx_hal_cortex.o
 .text.NVIC_EncodePriority
                0x0000000008002a08       0x64 ./Drivers/STM32L1xx_HAL_Driver/Src/stm32l1xx_hal_cortex.o
 .text.SysTick_Config
                0x0000000008002a6c       0x44 ./Drivers/STM32L1xx_HAL_Driver/Src/stm32l1xx_hal_cortex.o
 .text.HAL_NVIC_SetPriorityGrouping
                0x0000000008002ab0       0x16 ./Drivers/STM32L1xx_HAL_Driver/Src/stm32l1xx_hal_cortex.o
                0x0000000008002ab0                HAL_NVIC_SetPriorityGrouping
 .text.HAL_NVIC_SetPriority
                0x0000000008002ac6       0x38 ./Drivers/STM32L1xx_HAL_Driver/Src/stm32l1xx_hal_cortex.o
                0x0000000008002ac6                HAL_NVIC_SetPriority
 .text.HAL_NVIC_EnableIRQ
                0x0000000008002afe       0x1c ./Drivers/STM32L1xx_HAL_Driver/Src/stm32l1xx_hal_cortex.o
                0x0000000008002afe                HAL_NVIC_EnableIRQ
 .text.HAL_NVIC_DisableIRQ
                0x0000000008002b1a       0x1c ./Drivers/STM32L1xx_HAL_Driver/Src/stm32l1xx_hal_cortex.o
                0x0000000008002b1a                HAL_NVIC_DisableIRQ
 .text.HAL_SYSTICK_Config
                0x0000000008002b36       0x18 ./Drivers/STM32L1xx_HAL_Driver/Src/stm32l1xx_hal_cortex.o
                0x0000000008002b36                HAL_SYSTICK_Config
 .text.HAL_DMA_Abort
                0x0000000008002b4e       0x7a ./Drivers/STM32L1xx_HAL_Driver/Src/stm32l1xx_hal_dma.o
                0x0000000008002b4e                HAL_DMA_Abort
 .text.HAL_DMA_Abort_IT
                0x0000000008002bc8       0x82 ./Drivers/STM32L1xx_HAL_Driver/Src/stm32l1xx_hal_dma.o
                0x0000000008002bc8                HAL_DMA_Abort_IT
 .text.HAL_DMA_GetState
                0x0000000008002c4a       0x1a ./Drivers/STM32L1xx_HAL_Driver/Src/stm32l1xx_hal_dma.o
                0x0000000008002c4a                HAL_DMA_GetState
 .text.HAL_GPIO_Init
                0x0000000008002c64      0x320 ./Drivers/STM32L1xx_HAL_Driver/Src/stm32l1xx_hal_gpio.o
                0x0000000008002c64                HAL_GPIO_Init
 .text.HAL_GPIO_WritePin
                0x0000000008002f84       0x30 ./Drivers/STM32L1xx_HAL_Driver/Src/stm32l1xx_hal_gpio.o
                0x0000000008002f84                HAL_GPIO_WritePin
 .text.HAL_GPIO_EXTI_IRQHandler
                0x0000000008002fb4       0x30 ./Drivers/STM32L1xx_HAL_Driver/Src/stm32l1xx_hal_gpio.o
                0x0000000008002fb4                HAL_GPIO_EXTI_IRQHandler
 .text.HAL_I2C_Init
                0x0000000008002fe4      0x288 ./Drivers/STM32L1xx_HAL_Driver/Src/stm32l1xx_hal_i2c.o
                0x0000000008002fe4                HAL_I2C_Init
 .text.HAL_I2C_Master_Transmit
                0x000000000800326c      0x1fc ./Drivers/STM32L1xx_HAL_Driver/Src/stm32l1xx_hal_i2c.o
                0x000000000800326c                HAL_I2C_Master_Transmit
 .text.HAL_I2C_Master_Receive
                0x0000000008003468      0x44c ./Drivers/STM32L1xx_HAL_Driver/Src/stm32l1xx_hal_i2c.o
                0x0000000008003468                HAL_I2C_Master_Receive
 .text.HAL_I2C_IsDeviceReady
                0x00000000080038b4      0x25c ./Drivers/STM32L1xx_HAL_Driver/Src/stm32l1xx_hal_i2c.o
                0x00000000080038b4                HAL_I2C_IsDeviceReady
 .text.HAL_I2C_EV_IRQHandler
                0x0000000008003b10      0x2e2 ./Drivers/STM32L1xx_HAL_Driver/Src/stm32l1xx_hal_i2c.o
                0x0000000008003b10                HAL_I2C_EV_IRQHandler
 .text.HAL_I2C_ER_IRQHandler
                0x0000000008003df2      0x14e ./Drivers/STM32L1xx_HAL_Driver/Src/stm32l1xx_hal_i2c.o
                0x0000000008003df2                HAL_I2C_ER_IRQHandler
 .text.HAL_I2C_MasterTxCpltCallback
                0x0000000008003f40       0x12 ./Drivers/STM32L1xx_HAL_Driver/Src/stm32l1xx_hal_i2c.o
                0x0000000008003f40                HAL_I2C_MasterTxCpltCallback
 .text.HAL_I2C_MasterRxCpltCallback
                0x0000000008003f52       0x12 ./Drivers/STM32L1xx_HAL_Driver/Src/stm32l1xx_hal_i2c.o
                0x0000000008003f52                HAL_I2C_MasterRxCpltCallback
 .text.HAL_I2C_SlaveTxCpltCallback
                0x0000000008003f64       0x12 ./Drivers/STM32L1xx_HAL_Driver/Src/stm32l1xx_hal_i2c.o
                0x0000000008003f64                HAL_I2C_SlaveTxCpltCallback
 .text.HAL_I2C_SlaveRxCpltCallback
                0x0000000008003f76       0x12 ./Drivers/STM32L1xx_HAL_Driver/Src/stm32l1xx_hal_i2c.o
                0x0000000008003f76                HAL_I2C_SlaveRxCpltCallback
 .text.HAL_I2C_AddrCallback
                0x0000000008003f88       0x1a ./Drivers/STM32L1xx_HAL_Driver/Src/stm32l1xx_hal_i2c.o
                0x0000000008003f88                HAL_I2C_AddrCallback
 .text.HAL_I2C_ListenCpltCallback
                0x0000000008003fa2       0x12 ./Drivers/STM32L1xx_HAL_Driver/Src/stm32l1xx_hal_i2c.o
                0x0000000008003fa2                HAL_I2C_ListenCpltCallback
 .text.HAL_I2C_MemTxCpltCallback
                0x0000000008003fb4       0x12 ./Drivers/STM32L1xx_HAL_Driver/Src/stm32l1xx_hal_i2c.o
                0x0000000008003fb4                HAL_I2C_MemTxCpltCallback
 .text.HAL_I2C_MemRxCpltCallback
                0x0000000008003fc6       0x12 ./Drivers/STM32L1xx_HAL_Driver/Src/stm32l1xx_hal_i2c.o
                0x0000000008003fc6                HAL_I2C_MemRxCpltCallback
 .text.HAL_I2C_ErrorCallback
                0x0000000008003fd8       0x12 ./Drivers/STM32L1xx_HAL_Driver/Src/stm32l1xx_hal_i2c.o
                0x0000000008003fd8                HAL_I2C_ErrorCallback
 .text.HAL_I2C_AbortCpltCallback
                0x0000000008003fea       0x12 ./Drivers/STM32L1xx_HAL_Driver/Src/stm32l1xx_hal_i2c.o
                0x0000000008003fea                HAL_I2C_AbortCpltCallback
 .text.I2C_MasterTransmit_TXE
                0x0000000008003ffc      0x138 ./Drivers/STM32L1xx_HAL_Driver/Src/stm32l1xx_hal_i2c.o
 .text.I2C_MasterTransmit_BTF
                0x0000000008004134       0xec ./Drivers/STM32L1xx_HAL_Driver/Src/stm32l1xx_hal_i2c.o
 .text.I2C_MemoryTransmit_TXE_BTF
                0x0000000008004220      0x128 ./Drivers/STM32L1xx_HAL_Driver/Src/stm32l1xx_hal_i2c.o
 .text.I2C_MasterReceive_RXNE
                0x0000000008004348      0x162 ./Drivers/STM32L1xx_HAL_Driver/Src/stm32l1xx_hal_i2c.o
 .text.I2C_MasterReceive_BTF
                0x00000000080044aa      0x1d4 ./Drivers/STM32L1xx_HAL_Driver/Src/stm32l1xx_hal_i2c.o
 .text.I2C_Master_SB
                0x000000000800467e      0x10a ./Drivers/STM32L1xx_HAL_Driver/Src/stm32l1xx_hal_i2c.o
 .text.I2C_Master_ADD10
                0x0000000008004788       0x52 ./Drivers/STM32L1xx_HAL_Driver/Src/stm32l1xx_hal_i2c.o
 .text.I2C_Master_ADDR
                0x00000000080047da      0x320 ./Drivers/STM32L1xx_HAL_Driver/Src/stm32l1xx_hal_i2c.o
 .text.I2C_SlaveTransmit_TXE
                0x0000000008004afa       0x7a ./Drivers/STM32L1xx_HAL_Driver/Src/stm32l1xx_hal_i2c.o
 .text.I2C_SlaveTransmit_BTF
                0x0000000008004b74       0x40 ./Drivers/STM32L1xx_HAL_Driver/Src/stm32l1xx_hal_i2c.o
 .text.I2C_SlaveReceive_RXNE
                0x0000000008004bb4       0x7c ./Drivers/STM32L1xx_HAL_Driver/Src/stm32l1xx_hal_i2c.o
 .text.I2C_SlaveReceive_BTF
                0x0000000008004c30       0x42 ./Drivers/STM32L1xx_HAL_Driver/Src/stm32l1xx_hal_i2c.o
 .text.I2C_Slave_ADDR
                0x0000000008004c72       0x94 ./Drivers/STM32L1xx_HAL_Driver/Src/stm32l1xx_hal_i2c.o
 *fill*         0x0000000008004d06        0x2 
 .text.I2C_Slave_STOPF
                0x0000000008004d08      0x260 ./Drivers/STM32L1xx_HAL_Driver/Src/stm32l1xx_hal_i2c.o
 .text.I2C_Slave_AF
                0x0000000008004f68       0xe0 ./Drivers/STM32L1xx_HAL_Driver/Src/stm32l1xx_hal_i2c.o
 .text.I2C_ITError
                0x0000000008005048      0x264 ./Drivers/STM32L1xx_HAL_Driver/Src/stm32l1xx_hal_i2c.o
 .text.I2C_MasterRequestWrite
                0x00000000080052ac      0x104 ./Drivers/STM32L1xx_HAL_Driver/Src/stm32l1xx_hal_i2c.o
 .text.I2C_MasterRequestRead
                0x00000000080053b0      0x19c ./Drivers/STM32L1xx_HAL_Driver/Src/stm32l1xx_hal_i2c.o
 .text.I2C_DMAAbort
                0x000000000800554c      0x150 ./Drivers/STM32L1xx_HAL_Driver/Src/stm32l1xx_hal_i2c.o
 .text.I2C_WaitOnFlagUntilTimeout
                0x000000000800569c       0xae ./Drivers/STM32L1xx_HAL_Driver/Src/stm32l1xx_hal_i2c.o
 .text.I2C_WaitOnMasterAddressFlagUntilTimeout
                0x000000000800574a       0xfe ./Drivers/STM32L1xx_HAL_Driver/Src/stm32l1xx_hal_i2c.o
 .text.I2C_WaitOnTXEFlagUntilTimeout
                0x0000000008005848       0x82 ./Drivers/STM32L1xx_HAL_Driver/Src/stm32l1xx_hal_i2c.o
 .text.I2C_WaitOnBTFFlagUntilTimeout
                0x00000000080058ca       0x82 ./Drivers/STM32L1xx_HAL_Driver/Src/stm32l1xx_hal_i2c.o
 .text.I2C_WaitOnSTOPRequestThroughIT
                0x000000000800594c       0x64 ./Drivers/STM32L1xx_HAL_Driver/Src/stm32l1xx_hal_i2c.o
 .text.I2C_WaitOnRXNEFlagUntilTimeout
                0x00000000080059b0       0xac ./Drivers/STM32L1xx_HAL_Driver/Src/stm32l1xx_hal_i2c.o
 .text.I2C_IsAcknowledgeFailed
                0x0000000008005a5c       0x5c ./Drivers/STM32L1xx_HAL_Driver/Src/stm32l1xx_hal_i2c.o
 .text.I2C_ConvertOtherXferOptions
                0x0000000008005ab8       0x34 ./Drivers/STM32L1xx_HAL_Driver/Src/stm32l1xx_hal_i2c.o
 .text.HAL_RCC_OscConfig
                0x0000000008005aec      0x660 ./Drivers/STM32L1xx_HAL_Driver/Src/stm32l1xx_hal_rcc.o
                0x0000000008005aec                HAL_RCC_OscConfig
 .text.HAL_RCC_ClockConfig
                0x000000000800614c      0x268 ./Drivers/STM32L1xx_HAL_Driver/Src/stm32l1xx_hal_rcc.o
                0x000000000800614c                HAL_RCC_ClockConfig
 .text.HAL_RCC_GetSysClockFreq
                0x00000000080063b4      0x19c ./Drivers/STM32L1xx_HAL_Driver/Src/stm32l1xx_hal_rcc.o
                0x00000000080063b4                HAL_RCC_GetSysClockFreq
 .text.HAL_RCC_GetHCLKFreq
                0x0000000008006550       0x14 ./Drivers/STM32L1xx_HAL_Driver/Src/stm32l1xx_hal_rcc.o
                0x0000000008006550                HAL_RCC_GetHCLKFreq
 .text.HAL_RCC_GetPCLK1Freq
                0x0000000008006564       0x28 ./Drivers/STM32L1xx_HAL_Driver/Src/stm32l1xx_hal_rcc.o
                0x0000000008006564                HAL_RCC_GetPCLK1Freq
 .text.HAL_RCC_GetPCLK2Freq
                0x000000000800658c       0x28 ./Drivers/STM32L1xx_HAL_Driver/Src/stm32l1xx_hal_rcc.o
                0x000000000800658c                HAL_RCC_GetPCLK2Freq
 .text.RCC_SetFlashLatencyFromMSIRange
                0x00000000080065b4       0xc0 ./Drivers/STM32L1xx_HAL_Driver/Src/stm32l1xx_hal_rcc.o
 .text.HAL_RCCEx_PeriphCLKConfig
                0x0000000008006674      0x214 ./Drivers/STM32L1xx_HAL_Driver/Src/stm32l1xx_hal_rcc_ex.o
                0x0000000008006674                HAL_RCCEx_PeriphCLKConfig
 .text.HAL_RTC_Init
                0x0000000008006888      0x122 ./Drivers/STM32L1xx_HAL_Driver/Src/stm32l1xx_hal_rtc.o
                0x0000000008006888                HAL_RTC_Init
 .text.HAL_RTC_SetTime
                0x00000000080069aa      0x168 ./Drivers/STM32L1xx_HAL_Driver/Src/stm32l1xx_hal_rtc.o
                0x00000000080069aa                HAL_RTC_SetTime
 .text.HAL_RTC_SetDate
                0x0000000008006b12      0x13c ./Drivers/STM32L1xx_HAL_Driver/Src/stm32l1xx_hal_rtc.o
                0x0000000008006b12                HAL_RTC_SetDate
 *fill*         0x0000000008006c4e        0x2 
 .text.HAL_RTC_SetAlarm_IT
                0x0000000008006c50      0x270 ./Drivers/STM32L1xx_HAL_Driver/Src/stm32l1xx_hal_rtc.o
                0x0000000008006c50                HAL_RTC_SetAlarm_IT
 .text.HAL_RTC_AlarmIRQHandler
                0x0000000008006ec0       0x8c ./Drivers/STM32L1xx_HAL_Driver/Src/stm32l1xx_hal_rtc.o
                0x0000000008006ec0                HAL_RTC_AlarmIRQHandler
 .text.HAL_RTC_AlarmAEventCallback
                0x0000000008006f4c       0x12 ./Drivers/STM32L1xx_HAL_Driver/Src/stm32l1xx_hal_rtc.o
                0x0000000008006f4c                HAL_RTC_AlarmAEventCallback
 .text.HAL_RTC_WaitForSynchro
                0x0000000008006f5e       0x5a ./Drivers/STM32L1xx_HAL_Driver/Src/stm32l1xx_hal_rtc.o
                0x0000000008006f5e                HAL_RTC_WaitForSynchro
 .text.RTC_EnterInitMode
                0x0000000008006fb8       0x54 ./Drivers/STM32L1xx_HAL_Driver/Src/stm32l1xx_hal_rtc.o
                0x0000000008006fb8                RTC_EnterInitMode
 .text.RTC_ByteToBcd2
                0x000000000800700c       0x3e ./Drivers/STM32L1xx_HAL_Driver/Src/stm32l1xx_hal_rtc.o
                0x000000000800700c                RTC_ByteToBcd2
 .text.HAL_RTCEx_BKUPWrite
                0x000000000800704a       0x2e ./Drivers/STM32L1xx_HAL_Driver/Src/stm32l1xx_hal_rtc_ex.o
                0x000000000800704a                HAL_RTCEx_BKUPWrite
 .text.HAL_RTCEx_SetRefClock
                0x0000000008007078       0x92 ./Drivers/STM32L1xx_HAL_Driver/Src/stm32l1xx_hal_rtc_ex.o
                0x0000000008007078                HAL_RTCEx_SetRefClock
 .text.HAL_RTCEx_AlarmBEventCallback
                0x000000000800710a       0x12 ./Drivers/STM32L1xx_HAL_Driver/Src/stm32l1xx_hal_rtc_ex.o
                0x000000000800710a                HAL_RTCEx_AlarmBEventCallback
 .text.HAL_TIM_Base_Init
                0x000000000800711c       0x7e ./Drivers/STM32L1xx_HAL_Driver/Src/stm32l1xx_hal_tim.o
                0x000000000800711c                HAL_TIM_Base_Init
 *fill*         0x000000000800719a        0x2 
 .text.HAL_TIM_Base_Start_IT
                0x000000000800719c       0xa4 ./Drivers/STM32L1xx_HAL_Driver/Src/stm32l1xx_hal_tim.o
                0x000000000800719c                HAL_TIM_Base_Start_IT
 .text.HAL_TIM_IRQHandler
                0x0000000008007240      0x1b8 ./Drivers/STM32L1xx_HAL_Driver/Src/stm32l1xx_hal_tim.o
                0x0000000008007240                HAL_TIM_IRQHandler
 .text.HAL_TIM_OC_DelayElapsedCallback
                0x00000000080073f8       0x12 ./Drivers/STM32L1xx_HAL_Driver/Src/stm32l1xx_hal_tim.o
                0x00000000080073f8                HAL_TIM_OC_DelayElapsedCallback
 .text.HAL_TIM_IC_CaptureCallback
                0x000000000800740a       0x12 ./Drivers/STM32L1xx_HAL_Driver/Src/stm32l1xx_hal_tim.o
                0x000000000800740a                HAL_TIM_IC_CaptureCallback
 .text.HAL_TIM_PWM_PulseFinishedCallback
                0x000000000800741c       0x12 ./Drivers/STM32L1xx_HAL_Driver/Src/stm32l1xx_hal_tim.o
                0x000000000800741c                HAL_TIM_PWM_PulseFinishedCallback
 .text.HAL_TIM_TriggerCallback
                0x000000000800742e       0x12 ./Drivers/STM32L1xx_HAL_Driver/Src/stm32l1xx_hal_tim.o
                0x000000000800742e                HAL_TIM_TriggerCallback
 .text.TIM_Base_SetConfig
                0x0000000008007440       0xe0 ./Drivers/STM32L1xx_HAL_Driver/Src/stm32l1xx_hal_tim.o
 .text.HAL_TIMEx_MasterConfigSynchronization
                0x0000000008007520       0xbc ./Drivers/STM32L1xx_HAL_Driver/Src/stm32l1xx_hal_tim_ex.o
                0x0000000008007520                HAL_TIMEx_MasterConfigSynchronization
 .text.HAL_UART_Init
                0x00000000080075dc       0x9a ./Drivers/STM32L1xx_HAL_Driver/Src/stm32l1xx_hal_uart.o
                0x00000000080075dc                HAL_UART_Init
 .text.HAL_UART_Transmit
                0x0000000008007676      0x124 ./Drivers/STM32L1xx_HAL_Driver/Src/stm32l1xx_hal_uart.o
                0x0000000008007676                HAL_UART_Transmit
 *fill*         0x000000000800779a        0x2 
 .text.HAL_UART_IRQHandler
                0x000000000800779c      0x354 ./Drivers/STM32L1xx_HAL_Driver/Src/stm32l1xx_hal_uart.o
                0x000000000800779c                HAL_UART_IRQHandler
 .text.HAL_UART_TxCpltCallback
                0x0000000008007af0       0x12 ./Drivers/STM32L1xx_HAL_Driver/Src/stm32l1xx_hal_uart.o
                0x0000000008007af0                HAL_UART_TxCpltCallback
 .text.HAL_UART_RxCpltCallback
                0x0000000008007b02       0x12 ./Drivers/STM32L1xx_HAL_Driver/Src/stm32l1xx_hal_uart.o
                0x0000000008007b02                HAL_UART_RxCpltCallback
 .text.HAL_UART_ErrorCallback
                0x0000000008007b14       0x12 ./Drivers/STM32L1xx_HAL_Driver/Src/stm32l1xx_hal_uart.o
                0x0000000008007b14                HAL_UART_ErrorCallback
 .text.HAL_UARTEx_RxEventCallback
                0x0000000008007b26       0x16 ./Drivers/STM32L1xx_HAL_Driver/Src/stm32l1xx_hal_uart.o
                0x0000000008007b26                HAL_UARTEx_RxEventCallback
 .text.UART_WaitOnFlagUntilTimeout
                0x0000000008007b3c       0x94 ./Drivers/STM32L1xx_HAL_Driver/Src/stm32l1xx_hal_uart.o
 .text.UART_EndRxTransfer
                0x0000000008007bd0       0x58 ./Drivers/STM32L1xx_HAL_Driver/Src/stm32l1xx_hal_uart.o
 .text.UART_DMAAbortOnError
                0x0000000008007c28       0x28 ./Drivers/STM32L1xx_HAL_Driver/Src/stm32l1xx_hal_uart.o
 .text.UART_Transmit_IT
                0x0000000008007c50       0x9e ./Drivers/STM32L1xx_HAL_Driver/Src/stm32l1xx_hal_uart.o
 .text.UART_EndTransmit_IT
                0x0000000008007cee       0x30 ./Drivers/STM32L1xx_HAL_Driver/Src/stm32l1xx_hal_uart.o
 .text.UART_Receive_IT
                0x0000000008007d1e      0x152 ./Drivers/STM32L1xx_HAL_Driver/Src/stm32l1xx_hal_uart.o
 .text.UART_SetConfig
                0x0000000008007e70      0x1c8 ./Drivers/STM32L1xx_HAL_Driver/Src/stm32l1xx_hal_uart.o
 .text.__errno  0x0000000008008038        0xc c:/st/stm32cubeide_1.7.0/stm32cubeide/plugins/com.st.stm32cube.ide.mcu.externaltools.gnu-tools-for-stm32.9-2020-q2-update.win32_2.0.0.202105311346/tools/bin/../lib/gcc/arm-none-eabi/9.3.1/../../../../arm-none-eabi/lib/thumb/v7-m/nofp\libc_nano.a(lib_a-errno.o)
                0x0000000008008038                __errno
 .text.__libc_init_array
                0x0000000008008044       0x48 c:/st/stm32cubeide_1.7.0/stm32cubeide/plugins/com.st.stm32cube.ide.mcu.externaltools.gnu-tools-for-stm32.9-2020-q2-update.win32_2.0.0.202105311346/tools/bin/../lib/gcc/arm-none-eabi/9.3.1/../../../../arm-none-eabi/lib/thumb/v7-m/nofp\libc_nano.a(lib_a-init.o)
                0x0000000008008044                __libc_init_array
 .text.memset   0x000000000800808c       0x10 c:/st/stm32cubeide_1.7.0/stm32cubeide/plugins/com.st.stm32cube.ide.mcu.externaltools.gnu-tools-for-stm32.9-2020-q2-update.win32_2.0.0.202105311346/tools/bin/../lib/gcc/arm-none-eabi/9.3.1/../../../../arm-none-eabi/lib/thumb/v7-m/nofp\libc_nano.a(lib_a-memset.o)
                0x000000000800808c                memset
 .text.__cvt    0x000000000800809c       0xbe c:/st/stm32cubeide_1.7.0/stm32cubeide/plugins/com.st.stm32cube.ide.mcu.externaltools.gnu-tools-for-stm32.9-2020-q2-update.win32_2.0.0.202105311346/tools/bin/../lib/gcc/arm-none-eabi/9.3.1/../../../../arm-none-eabi/lib/thumb/v7-m/nofp\libc_nano.a(lib_a-nano-vfprintf_float.o)
                0x000000000800809c                __cvt
 .text.__exponent
                0x000000000800815a       0x7c c:/st/stm32cubeide_1.7.0/stm32cubeide/plugins/com.st.stm32cube.ide.mcu.externaltools.gnu-tools-for-stm32.9-2020-q2-update.win32_2.0.0.202105311346/tools/bin/../lib/gcc/arm-none-eabi/9.3.1/../../../../arm-none-eabi/lib/thumb/v7-m/nofp\libc_nano.a(lib_a-nano-vfprintf_float.o)
                0x000000000800815a                __exponent
 *fill*         0x00000000080081d6        0x2 
 .text._printf_float
                0x00000000080081d8      0x458 c:/st/stm32cubeide_1.7.0/stm32cubeide/plugins/com.st.stm32cube.ide.mcu.externaltools.gnu-tools-for-stm32.9-2020-q2-update.win32_2.0.0.202105311346/tools/bin/../lib/gcc/arm-none-eabi/9.3.1/../../../../arm-none-eabi/lib/thumb/v7-m/nofp\libc_nano.a(lib_a-nano-vfprintf_float.o)
                0x00000000080081d8                _printf_float
 .text._printf_common
                0x0000000008008630       0xde c:/st/stm32cubeide_1.7.0/stm32cubeide/plugins/com.st.stm32cube.ide.mcu.externaltools.gnu-tools-for-stm32.9-2020-q2-update.win32_2.0.0.202105311346/tools/bin/../lib/gcc/arm-none-eabi/9.3.1/../../../../arm-none-eabi/lib/thumb/v7-m/nofp\libc_nano.a(lib_a-nano-vfprintf_i.o)
                0x0000000008008630                _printf_common
 *fill*         0x000000000800870e        0x2 
 .text._printf_i
                0x0000000008008710      0x24c c:/st/stm32cubeide_1.7.0/stm32cubeide/plugins/com.st.stm32cube.ide.mcu.externaltools.gnu-tools-for-stm32.9-2020-q2-update.win32_2.0.0.202105311346/tools/bin/../lib/gcc/arm-none-eabi/9.3.1/../../../../arm-none-eabi/lib/thumb/v7-m/nofp\libc_nano.a(lib_a-nano-vfprintf_i.o)
                0x0000000008008710                _printf_i
 .text.sprintf  0x000000000800895c       0x40 c:/st/stm32cubeide_1.7.0/stm32cubeide/plugins/com.st.stm32cube.ide.mcu.externaltools.gnu-tools-for-stm32.9-2020-q2-update.win32_2.0.0.202105311346/tools/bin/../lib/gcc/arm-none-eabi/9.3.1/../../../../arm-none-eabi/lib/thumb/v7-m/nofp\libc_nano.a(lib_a-sprintf.o)
                0x000000000800895c                siprintf
                0x000000000800895c                sprintf
 .text.quorem   0x000000000800899c      0x11a c:/st/stm32cubeide_1.7.0/stm32cubeide/plugins/com.st.stm32cube.ide.mcu.externaltools.gnu-tools-for-stm32.9-2020-q2-update.win32_2.0.0.202105311346/tools/bin/../lib/gcc/arm-none-eabi/9.3.1/../../../../arm-none-eabi/lib/thumb/v7-m/nofp\libc_nano.a(lib_a-dtoa.o)
 *fill*         0x0000000008008ab6        0x2 
 .text._dtoa_r  0x0000000008008ab8      0xbdc c:/st/stm32cubeide_1.7.0/stm32cubeide/plugins/com.st.stm32cube.ide.mcu.externaltools.gnu-tools-for-stm32.9-2020-q2-update.win32_2.0.0.202105311346/tools/bin/../lib/gcc/arm-none-eabi/9.3.1/../../../../arm-none-eabi/lib/thumb/v7-m/nofp\libc_nano.a(lib_a-dtoa.o)
                0x0000000008008ab8                _dtoa_r
 .text._localeconv_r
                0x0000000008009694        0x8 c:/st/stm32cubeide_1.7.0/stm32cubeide/plugins/com.st.stm32cube.ide.mcu.externaltools.gnu-tools-for-stm32.9-2020-q2-update.win32_2.0.0.202105311346/tools/bin/../lib/gcc/arm-none-eabi/9.3.1/../../../../arm-none-eabi/lib/thumb/v7-m/nofp\libc_nano.a(lib_a-localeconv.o)
                0x0000000008009694                _localeconv_r
 .text.malloc   0x000000000800969c       0x10 c:/st/stm32cubeide_1.7.0/stm32cubeide/plugins/com.st.stm32cube.ide.mcu.externaltools.gnu-tools-for-stm32.9-2020-q2-update.win32_2.0.0.202105311346/tools/bin/../lib/gcc/arm-none-eabi/9.3.1/../../../../arm-none-eabi/lib/thumb/v7-m/nofp\libc_nano.a(lib_a-malloc.o)
                0x000000000800969c                malloc
 .text.memchr   0x00000000080096ac       0x1c c:/st/stm32cubeide_1.7.0/stm32cubeide/plugins/com.st.stm32cube.ide.mcu.externaltools.gnu-tools-for-stm32.9-2020-q2-update.win32_2.0.0.202105311346/tools/bin/../lib/gcc/arm-none-eabi/9.3.1/../../../../arm-none-eabi/lib/thumb/v7-m/nofp\libc_nano.a(lib_a-memchr-stub.o)
                0x00000000080096ac                memchr
 .text.memcpy   0x00000000080096c8       0x1c c:/st/stm32cubeide_1.7.0/stm32cubeide/plugins/com.st.stm32cube.ide.mcu.externaltools.gnu-tools-for-stm32.9-2020-q2-update.win32_2.0.0.202105311346/tools/bin/../lib/gcc/arm-none-eabi/9.3.1/../../../../arm-none-eabi/lib/thumb/v7-m/nofp\libc_nano.a(lib_a-memcpy-stub.o)
                0x00000000080096c8                memcpy
 .text._Balloc  0x00000000080096e4       0x80 c:/st/stm32cubeide_1.7.0/stm32cubeide/plugins/com.st.stm32cube.ide.mcu.externaltools.gnu-tools-for-stm32.9-2020-q2-update.win32_2.0.0.202105311346/tools/bin/../lib/gcc/arm-none-eabi/9.3.1/../../../../arm-none-eabi/lib/thumb/v7-m/nofp\libc_nano.a(lib_a-mprec.o)
                0x00000000080096e4                _Balloc
 .text._Bfree   0x0000000008009764       0x44 c:/st/stm32cubeide_1.7.0/stm32cubeide/plugins/com.st.stm32cube.ide.mcu.externaltools.gnu-tools-for-stm32.9-2020-q2-update.win32_2.0.0.202105311346/tools/bin/../lib/gcc/arm-none-eabi/9.3.1/../../../../arm-none-eabi/lib/thumb/v7-m/nofp\libc_nano.a(lib_a-mprec.o)
                0x0000000008009764                _Bfree
 .text.__multadd
                0x00000000080097a8       0x94 c:/st/stm32cubeide_1.7.0/stm32cubeide/plugins/com.st.stm32cube.ide.mcu.externaltools.gnu-tools-for-stm32.9-2020-q2-update.win32_2.0.0.202105311346/tools/bin/../lib/gcc/arm-none-eabi/9.3.1/../../../../arm-none-eabi/lib/thumb/v7-m/nofp\libc_nano.a(lib_a-mprec.o)
                0x00000000080097a8                __multadd
 .text.__hi0bits
                0x000000000800983c       0x40 c:/st/stm32cubeide_1.7.0/stm32cubeide/plugins/com.st.stm32cube.ide.mcu.externaltools.gnu-tools-for-stm32.9-2020-q2-update.win32_2.0.0.202105311346/tools/bin/../lib/gcc/arm-none-eabi/9.3.1/../../../../arm-none-eabi/lib/thumb/v7-m/nofp\libc_nano.a(lib_a-mprec.o)
                0x000000000800983c                __hi0bits
 .text.__lo0bits
                0x000000000800987c       0x5c c:/st/stm32cubeide_1.7.0/stm32cubeide/plugins/com.st.stm32cube.ide.mcu.externaltools.gnu-tools-for-stm32.9-2020-q2-update.win32_2.0.0.202105311346/tools/bin/../lib/gcc/arm-none-eabi/9.3.1/../../../../arm-none-eabi/lib/thumb/v7-m/nofp\libc_nano.a(lib_a-mprec.o)
                0x000000000800987c                __lo0bits
 .text.__i2b    0x00000000080098d8       0x2c c:/st/stm32cubeide_1.7.0/stm32cubeide/plugins/com.st.stm32cube.ide.mcu.externaltools.gnu-tools-for-stm32.9-2020-q2-update.win32_2.0.0.202105311346/tools/bin/../lib/gcc/arm-none-eabi/9.3.1/../../../../arm-none-eabi/lib/thumb/v7-m/nofp\libc_nano.a(lib_a-mprec.o)
                0x00000000080098d8                __i2b
 .text.__multiply
                0x0000000008009904      0x148 c:/st/stm32cubeide_1.7.0/stm32cubeide/plugins/com.st.stm32cube.ide.mcu.externaltools.gnu-tools-for-stm32.9-2020-q2-update.win32_2.0.0.202105311346/tools/bin/../lib/gcc/arm-none-eabi/9.3.1/../../../../arm-none-eabi/lib/thumb/v7-m/nofp\libc_nano.a(lib_a-mprec.o)
                0x0000000008009904                __multiply
 .text.__pow5mult
                0x0000000008009a4c       0xb4 c:/st/stm32cubeide_1.7.0/stm32cubeide/plugins/com.st.stm32cube.ide.mcu.externaltools.gnu-tools-for-stm32.9-2020-q2-update.win32_2.0.0.202105311346/tools/bin/../lib/gcc/arm-none-eabi/9.3.1/../../../../arm-none-eabi/lib/thumb/v7-m/nofp\libc_nano.a(lib_a-mprec.o)
                0x0000000008009a4c                __pow5mult
 .text.__lshift
                0x0000000008009b00       0xd8 c:/st/stm32cubeide_1.7.0/stm32cubeide/plugins/com.st.stm32cube.ide.mcu.externaltools.gnu-tools-for-stm32.9-2020-q2-update.win32_2.0.0.202105311346/tools/bin/../lib/gcc/arm-none-eabi/9.3.1/../../../../arm-none-eabi/lib/thumb/v7-m/nofp\libc_nano.a(lib_a-mprec.o)
                0x0000000008009b00                __lshift
 .text.__mcmp   0x0000000008009bd8       0x36 c:/st/stm32cubeide_1.7.0/stm32cubeide/plugins/com.st.stm32cube.ide.mcu.externaltools.gnu-tools-for-stm32.9-2020-q2-update.win32_2.0.0.202105311346/tools/bin/../lib/gcc/arm-none-eabi/9.3.1/../../../../arm-none-eabi/lib/thumb/v7-m/nofp\libc_nano.a(lib_a-mprec.o)
                0x0000000008009bd8                __mcmp
 *fill*         0x0000000008009c0e        0x2 
 .text.__mdiff  0x0000000008009c10      0x120 c:/st/stm32cubeide_1.7.0/stm32cubeide/plugins/com.st.stm32cube.ide.mcu.externaltools.gnu-tools-for-stm32.9-2020-q2-update.win32_2.0.0.202105311346/tools/bin/../lib/gcc/arm-none-eabi/9.3.1/../../../../arm-none-eabi/lib/thumb/v7-m/nofp\libc_nano.a(lib_a-mprec.o)
                0x0000000008009c10                __mdiff
 .text.__d2b    0x0000000008009d30       0xb8 c:/st/stm32cubeide_1.7.0/stm32cubeide/plugins/com.st.stm32cube.ide.mcu.externaltools.gnu-tools-for-stm32.9-2020-q2-update.win32_2.0.0.202105311346/tools/bin/../lib/gcc/arm-none-eabi/9.3.1/../../../../arm-none-eabi/lib/thumb/v7-m/nofp\libc_nano.a(lib_a-mprec.o)
                0x0000000008009d30                __d2b
 .text._calloc_r
                0x0000000008009de8       0x1c c:/st/stm32cubeide_1.7.0/stm32cubeide/plugins/com.st.stm32cube.ide.mcu.externaltools.gnu-tools-for-stm32.9-2020-q2-update.win32_2.0.0.202105311346/tools/bin/../lib/gcc/arm-none-eabi/9.3.1/../../../../arm-none-eabi/lib/thumb/v7-m/nofp\libc_nano.a(lib_a-nano-callocr.o)
                0x0000000008009de8                _calloc_r
 .text._free_r  0x0000000008009e04       0x98 c:/st/stm32cubeide_1.7.0/stm32cubeide/plugins/com.st.stm32cube.ide.mcu.externaltools.gnu-tools-for-stm32.9-2020-q2-update.win32_2.0.0.202105311346/tools/bin/../lib/gcc/arm-none-eabi/9.3.1/../../../../arm-none-eabi/lib/thumb/v7-m/nofp\libc_nano.a(lib_a-nano-freer.o)
                0x0000000008009e04                _free_r
 .text._malloc_r
                0x0000000008009e9c       0xb4 c:/st/stm32cubeide_1.7.0/stm32cubeide/plugins/com.st.stm32cube.ide.mcu.externaltools.gnu-tools-for-stm32.9-2020-q2-update.win32_2.0.0.202105311346/tools/bin/../lib/gcc/arm-none-eabi/9.3.1/../../../../arm-none-eabi/lib/thumb/v7-m/nofp\libc_nano.a(lib_a-nano-mallocr.o)
                0x0000000008009e9c                _malloc_r
 .text.__ssputs_r
                0x0000000008009f50       0xb6 c:/st/stm32cubeide_1.7.0/stm32cubeide/plugins/com.st.stm32cube.ide.mcu.externaltools.gnu-tools-for-stm32.9-2020-q2-update.win32_2.0.0.202105311346/tools/bin/../lib/gcc/arm-none-eabi/9.3.1/../../../../arm-none-eabi/lib/thumb/v7-m/nofp\libc_nano.a(lib_a-nano-svfprintf.o)
                0x0000000008009f50                __ssputs_r
 *fill*         0x000000000800a006        0x2 
 .text._svfprintf_r
                0x000000000800a008      0x200 c:/st/stm32cubeide_1.7.0/stm32cubeide/plugins/com.st.stm32cube.ide.mcu.externaltools.gnu-tools-for-stm32.9-2020-q2-update.win32_2.0.0.202105311346/tools/bin/../lib/gcc/arm-none-eabi/9.3.1/../../../../arm-none-eabi/lib/thumb/v7-m/nofp\libc_nano.a(lib_a-nano-svfprintf.o)
                0x000000000800a008                _svfiprintf_r
                0x000000000800a008                _svfprintf_r
 .text._sbrk_r  0x000000000800a208       0x20 c:/st/stm32cubeide_1.7.0/stm32cubeide/plugins/com.st.stm32cube.ide.mcu.externaltools.gnu-tools-for-stm32.9-2020-q2-update.win32_2.0.0.202105311346/tools/bin/../lib/gcc/arm-none-eabi/9.3.1/../../../../arm-none-eabi/lib/thumb/v7-m/nofp\libc_nano.a(lib_a-sbrkr.o)
                0x000000000800a208                _sbrk_r
 .text.__assert_func
                0x000000000800a228       0x3c c:/st/stm32cubeide_1.7.0/stm32cubeide/plugins/com.st.stm32cube.ide.mcu.externaltools.gnu-tools-for-stm32.9-2020-q2-update.win32_2.0.0.202105311346/tools/bin/../lib/gcc/arm-none-eabi/9.3.1/../../../../arm-none-eabi/lib/thumb/v7-m/nofp\libc_nano.a(lib_a-assert.o)
                0x000000000800a228                __assert_func
 .text.fprintf  0x000000000800a264       0x24 c:/st/stm32cubeide_1.7.0/stm32cubeide/plugins/com.st.stm32cube.ide.mcu.externaltools.gnu-tools-for-stm32.9-2020-q2-update.win32_2.0.0.202105311346/tools/bin/../lib/gcc/arm-none-eabi/9.3.1/../../../../arm-none-eabi/lib/thumb/v7-m/nofp\libc_nano.a(lib_a-fprintf.o)
                0x000000000800a264                fiprintf
                0x000000000800a264                fprintf
 .text.__ascii_mbtowc
                0x000000000800a288       0x24 c:/st/stm32cubeide_1.7.0/stm32cubeide/plugins/com.st.stm32cube.ide.mcu.externaltools.gnu-tools-for-stm32.9-2020-q2-update.win32_2.0.0.202105311346/tools/bin/../lib/gcc/arm-none-eabi/9.3.1/../../../../arm-none-eabi/lib/thumb/v7-m/nofp\libc_nano.a(lib_a-mbtowc_r.o)
                0x000000000800a288                __ascii_mbtowc
 .text.memmove  0x000000000800a2ac       0x34 c:/st/stm32cubeide_1.7.0/stm32cubeide/plugins/com.st.stm32cube.ide.mcu.externaltools.gnu-tools-for-stm32.9-2020-q2-update.win32_2.0.0.202105311346/tools/bin/../lib/gcc/arm-none-eabi/9.3.1/../../../../arm-none-eabi/lib/thumb/v7-m/nofp\libc_nano.a(lib_a-memmove.o)
                0x000000000800a2ac                memmove
 .text.__malloc_lock
                0x000000000800a2e0        0xc c:/st/stm32cubeide_1.7.0/stm32cubeide/plugins/com.st.stm32cube.ide.mcu.externaltools.gnu-tools-for-stm32.9-2020-q2-update.win32_2.0.0.202105311346/tools/bin/../lib/gcc/arm-none-eabi/9.3.1/../../../../arm-none-eabi/lib/thumb/v7-m/nofp\libc_nano.a(lib_a-mlock.o)
                0x000000000800a2e0                __malloc_lock
 .text.__malloc_unlock
                0x000000000800a2ec        0xc c:/st/stm32cubeide_1.7.0/stm32cubeide/plugins/com.st.stm32cube.ide.mcu.externaltools.gnu-tools-for-stm32.9-2020-q2-update.win32_2.0.0.202105311346/tools/bin/../lib/gcc/arm-none-eabi/9.3.1/../../../../arm-none-eabi/lib/thumb/v7-m/nofp\libc_nano.a(lib_a-mlock.o)
                0x000000000800a2ec                __malloc_unlock
 .text._realloc_r
                0x000000000800a2f8       0x4c c:/st/stm32cubeide_1.7.0/stm32cubeide/plugins/com.st.stm32cube.ide.mcu.externaltools.gnu-tools-for-stm32.9-2020-q2-update.win32_2.0.0.202105311346/tools/bin/../lib/gcc/arm-none-eabi/9.3.1/../../../../arm-none-eabi/lib/thumb/v7-m/nofp\libc_nano.a(lib_a-nano-reallocr.o)
                0x000000000800a2f8                _realloc_r
 .text.__sfputc_r
                0x000000000800a344       0x2a c:/st/stm32cubeide_1.7.0/stm32cubeide/plugins/com.st.stm32cube.ide.mcu.externaltools.gnu-tools-for-stm32.9-2020-q2-update.win32_2.0.0.202105311346/tools/bin/../lib/gcc/arm-none-eabi/9.3.1/../../../../arm-none-eabi/lib/thumb/v7-m/nofp\libc_nano.a(lib_a-nano-vfprintf.o)
 .text.__sfputs_r
                0x000000000800a36e       0x24 c:/st/stm32cubeide_1.7.0/stm32cubeide/plugins/com.st.stm32cube.ide.mcu.externaltools.gnu-tools-for-stm32.9-2020-q2-update.win32_2.0.0.202105311346/tools/bin/../lib/gcc/arm-none-eabi/9.3.1/../../../../arm-none-eabi/lib/thumb/v7-m/nofp\libc_nano.a(lib_a-nano-vfprintf.o)
                0x000000000800a36e                __sfputs_r
 *fill*         0x000000000800a392        0x2 
 .text._vfprintf_r
                0x000000000800a394      0x260 c:/st/stm32cubeide_1.7.0/stm32cubeide/plugins/com.st.stm32cube.ide.mcu.externaltools.gnu-tools-for-stm32.9-2020-q2-update.win32_2.0.0.202105311346/tools/bin/../lib/gcc/arm-none-eabi/9.3.1/../../../../arm-none-eabi/lib/thumb/v7-m/nofp\libc_nano.a(lib_a-nano-vfprintf.o)
                0x000000000800a394                _vfprintf_r
                0x000000000800a394                _vfiprintf_r
 .text.__swbuf_r
                0x000000000800a5f4       0xa4 c:/st/stm32cubeide_1.7.0/stm32cubeide/plugins/com.st.stm32cube.ide.mcu.externaltools.gnu-tools-for-stm32.9-2020-q2-update.win32_2.0.0.202105311346/tools/bin/../lib/gcc/arm-none-eabi/9.3.1/../../../../arm-none-eabi/lib/thumb/v7-m/nofp\libc_nano.a(lib_a-wbuf.o)
                0x000000000800a5f4                __swbuf_r
 .text.__ascii_wctomb
                0x000000000800a698       0x1a c:/st/stm32cubeide_1.7.0/stm32cubeide/plugins/com.st.stm32cube.ide.mcu.externaltools.gnu-tools-for-stm32.9-2020-q2-update.win32_2.0.0.202105311346/tools/bin/../lib/gcc/arm-none-eabi/9.3.1/../../../../arm-none-eabi/lib/thumb/v7-m/nofp\libc_nano.a(lib_a-wctomb_r.o)
                0x000000000800a698                __ascii_wctomb
 *fill*         0x000000000800a6b2        0x2 
 .text.__swsetup_r
                0x000000000800a6b4       0xdc c:/st/stm32cubeide_1.7.0/stm32cubeide/plugins/com.st.stm32cube.ide.mcu.externaltools.gnu-tools-for-stm32.9-2020-q2-update.win32_2.0.0.202105311346/tools/bin/../lib/gcc/arm-none-eabi/9.3.1/../../../../arm-none-eabi/lib/thumb/v7-m/nofp\libc_nano.a(lib_a-wsetup.o)
                0x000000000800a6b4                __swsetup_r
 .text.abort    0x000000000800a790        0xe c:/st/stm32cubeide_1.7.0/stm32cubeide/plugins/com.st.stm32cube.ide.mcu.externaltools.gnu-tools-for-stm32.9-2020-q2-update.win32_2.0.0.202105311346/tools/bin/../lib/gcc/arm-none-eabi/9.3.1/../../../../arm-none-eabi/lib/thumb/v7-m/nofp\libc_nano.a(lib_a-abort.o)
                0x000000000800a790                abort
 *fill*         0x000000000800a79e        0x2 
 .text.__sflush_r
                0x000000000800a7a0      0x10c c:/st/stm32cubeide_1.7.0/stm32cubeide/plugins/com.st.stm32cube.ide.mcu.externaltools.gnu-tools-for-stm32.9-2020-q2-update.win32_2.0.0.202105311346/tools/bin/../lib/gcc/arm-none-eabi/9.3.1/../../../../arm-none-eabi/lib/thumb/v7-m/nofp\libc_nano.a(lib_a-fflush.o)
                0x000000000800a7a0                __sflush_r
 .text._fflush_r
                0x000000000800a8ac       0x78 c:/st/stm32cubeide_1.7.0/stm32cubeide/plugins/com.st.stm32cube.ide.mcu.externaltools.gnu-tools-for-stm32.9-2020-q2-update.win32_2.0.0.202105311346/tools/bin/../lib/gcc/arm-none-eabi/9.3.1/../../../../arm-none-eabi/lib/thumb/v7-m/nofp\libc_nano.a(lib_a-fflush.o)
                0x000000000800a8ac                _fflush_r
 .text.std      0x000000000800a924       0x48 c:/st/stm32cubeide_1.7.0/stm32cubeide/plugins/com.st.stm32cube.ide.mcu.externaltools.gnu-tools-for-stm32.9-2020-q2-update.win32_2.0.0.202105311346/tools/bin/../lib/gcc/arm-none-eabi/9.3.1/../../../../arm-none-eabi/lib/thumb/v7-m/nofp\libc_nano.a(lib_a-findfp.o)
 .text._cleanup_r
                0x000000000800a96c        0xc c:/st/stm32cubeide_1.7.0/stm32cubeide/plugins/com.st.stm32cube.ide.mcu.externaltools.gnu-tools-for-stm32.9-2020-q2-update.win32_2.0.0.202105311346/tools/bin/../lib/gcc/arm-none-eabi/9.3.1/../../../../arm-none-eabi/lib/thumb/v7-m/nofp\libc_nano.a(lib_a-findfp.o)
                0x000000000800a96c                _cleanup_r
 .text.__sfmoreglue
                0x000000000800a978       0x2c c:/st/stm32cubeide_1.7.0/stm32cubeide/plugins/com.st.stm32cube.ide.mcu.externaltools.gnu-tools-for-stm32.9-2020-q2-update.win32_2.0.0.202105311346/tools/bin/../lib/gcc/arm-none-eabi/9.3.1/../../../../arm-none-eabi/lib/thumb/v7-m/nofp\libc_nano.a(lib_a-findfp.o)
                0x000000000800a978                __sfmoreglue
 .text.__sfp_lock_acquire
                0x000000000800a9a4        0xc c:/st/stm32cubeide_1.7.0/stm32cubeide/plugins/com.st.stm32cube.ide.mcu.externaltools.gnu-tools-for-stm32.9-2020-q2-update.win32_2.0.0.202105311346/tools/bin/../lib/gcc/arm-none-eabi/9.3.1/../../../../arm-none-eabi/lib/thumb/v7-m/nofp\libc_nano.a(lib_a-findfp.o)
                0x000000000800a9a4                __sfp_lock_acquire
 .text.__sfp_lock_release
                0x000000000800a9b0        0xc c:/st/stm32cubeide_1.7.0/stm32cubeide/plugins/com.st.stm32cube.ide.mcu.externaltools.gnu-tools-for-stm32.9-2020-q2-update.win32_2.0.0.202105311346/tools/bin/../lib/gcc/arm-none-eabi/9.3.1/../../../../arm-none-eabi/lib/thumb/v7-m/nofp\libc_nano.a(lib_a-findfp.o)
                0x000000000800a9b0                __sfp_lock_release
 .text.__sinit_lock_acquire
                0x000000000800a9bc        0xc c:/st/stm32cubeide_1.7.0/stm32cubeide/plugins/com.st.stm32cube.ide.mcu.externaltools.gnu-tools-for-stm32.9-2020-q2-update.win32_2.0.0.202105311346/tools/bin/../lib/gcc/arm-none-eabi/9.3.1/../../../../arm-none-eabi/lib/thumb/v7-m/nofp\libc_nano.a(lib_a-findfp.o)
                0x000000000800a9bc                __sinit_lock_acquire
 .text.__sinit_lock_release
                0x000000000800a9c8        0xc c:/st/stm32cubeide_1.7.0/stm32cubeide/plugins/com.st.stm32cube.ide.mcu.externaltools.gnu-tools-for-stm32.9-2020-q2-update.win32_2.0.0.202105311346/tools/bin/../lib/gcc/arm-none-eabi/9.3.1/../../../../arm-none-eabi/lib/thumb/v7-m/nofp\libc_nano.a(lib_a-findfp.o)
                0x000000000800a9c8                __sinit_lock_release
 .text.__sinit  0x000000000800a9d4       0x70 c:/st/stm32cubeide_1.7.0/stm32cubeide/plugins/com.st.stm32cube.ide.mcu.externaltools.gnu-tools-for-stm32.9-2020-q2-update.win32_2.0.0.202105311346/tools/bin/../lib/gcc/arm-none-eabi/9.3.1/../../../../arm-none-eabi/lib/thumb/v7-m/nofp\libc_nano.a(lib_a-findfp.o)
                0x000000000800a9d4                __sinit
 .text.__sfp    0x000000000800aa44       0x8c c:/st/stm32cubeide_1.7.0/stm32cubeide/plugins/com.st.stm32cube.ide.mcu.externaltools.gnu-tools-for-stm32.9-2020-q2-update.win32_2.0.0.202105311346/tools/bin/../lib/gcc/arm-none-eabi/9.3.1/../../../../arm-none-eabi/lib/thumb/v7-m/nofp\libc_nano.a(lib_a-findfp.o)
                0x000000000800aa44                __sfp
 .text._fwalk_reent
                0x000000000800aad0       0x3e c:/st/stm32cubeide_1.7.0/stm32cubeide/plugins/com.st.stm32cube.ide.mcu.externaltools.gnu-tools-for-stm32.9-2020-q2-update.win32_2.0.0.202105311346/tools/bin/../lib/gcc/arm-none-eabi/9.3.1/../../../../arm-none-eabi/lib/thumb/v7-m/nofp\libc_nano.a(lib_a-fwalk.o)
                0x000000000800aad0                _fwalk_reent
 .text.__retarget_lock_init_recursive
                0x000000000800ab0e        0x2 c:/st/stm32cubeide_1.7.0/stm32cubeide/plugins/com.st.stm32cube.ide.mcu.externaltools.gnu-tools-for-stm32.9-2020-q2-update.win32_2.0.0.202105311346/tools/bin/../lib/gcc/arm-none-eabi/9.3.1/../../../../arm-none-eabi/lib/thumb/v7-m/nofp\libc_nano.a(lib_a-lock.o)
                0x000000000800ab0e                __retarget_lock_init_recursive
 .text.__retarget_lock_acquire_recursive
                0x000000000800ab10        0x2 c:/st/stm32cubeide_1.7.0/stm32cubeide/plugins/com.st.stm32cube.ide.mcu.externaltools.gnu-tools-for-stm32.9-2020-q2-update.win32_2.0.0.202105311346/tools/bin/../lib/gcc/arm-none-eabi/9.3.1/../../../../arm-none-eabi/lib/thumb/v7-m/nofp\libc_nano.a(lib_a-lock.o)
                0x000000000800ab10                __retarget_lock_acquire_recursive
 .text.__retarget_lock_release_recursive
                0x000000000800ab12        0x2 c:/st/stm32cubeide_1.7.0/stm32cubeide/plugins/com.st.stm32cube.ide.mcu.externaltools.gnu-tools-for-stm32.9-2020-q2-update.win32_2.0.0.202105311346/tools/bin/../lib/gcc/arm-none-eabi/9.3.1/../../../../arm-none-eabi/lib/thumb/v7-m/nofp\libc_nano.a(lib_a-lock.o)
                0x000000000800ab12                __retarget_lock_release_recursive
 .text.__swhatbuf_r
                0x000000000800ab14       0x48 c:/st/stm32cubeide_1.7.0/stm32cubeide/plugins/com.st.stm32cube.ide.mcu.externaltools.gnu-tools-for-stm32.9-2020-q2-update.win32_2.0.0.202105311346/tools/bin/../lib/gcc/arm-none-eabi/9.3.1/../../../../arm-none-eabi/lib/thumb/v7-m/nofp\libc_nano.a(lib_a-makebuf.o)
                0x000000000800ab14                __swhatbuf_r
 .text.__smakebuf_r
                0x000000000800ab5c       0x80 c:/st/stm32cubeide_1.7.0/stm32cubeide/plugins/com.st.stm32cube.ide.mcu.externaltools.gnu-tools-for-stm32.9-2020-q2-update.win32_2.0.0.202105311346/tools/bin/../lib/gcc/arm-none-eabi/9.3.1/../../../../arm-none-eabi/lib/thumb/v7-m/nofp\libc_nano.a(lib_a-makebuf.o)
                0x000000000800ab5c                __smakebuf_r
 .text._malloc_usable_size_r
                0x000000000800abdc       0x10 c:/st/stm32cubeide_1.7.0/stm32cubeide/plugins/com.st.stm32cube.ide.mcu.externaltools.gnu-tools-for-stm32.9-2020-q2-update.win32_2.0.0.202105311346/tools/bin/../lib/gcc/arm-none-eabi/9.3.1/../../../../arm-none-eabi/lib/thumb/v7-m/nofp\libc_nano.a(lib_a-nano-msizer.o)
                0x000000000800abdc                _malloc_usable_size_r
 .text._raise_r
                0x000000000800abec       0x50 c:/st/stm32cubeide_1.7.0/stm32cubeide/plugins/com.st.stm32cube.ide.mcu.externaltools.gnu-tools-for-stm32.9-2020-q2-update.win32_2.0.0.202105311346/tools/bin/../lib/gcc/arm-none-eabi/9.3.1/../../../../arm-none-eabi/lib/thumb/v7-m/nofp\libc_nano.a(lib_a-signal.o)
                0x000000000800abec                _raise_r
 .text.raise    0x000000000800ac3c       0x10 c:/st/stm32cubeide_1.7.0/stm32cubeide/plugins/com.st.stm32cube.ide.mcu.externaltools.gnu-tools-for-stm32.9-2020-q2-update.win32_2.0.0.202105311346/tools/bin/../lib/gcc/arm-none-eabi/9.3.1/../../../../arm-none-eabi/lib/thumb/v7-m/nofp\libc_nano.a(lib_a-signal.o)
                0x000000000800ac3c                raise
 .text._kill_r  0x000000000800ac4c       0x24 c:/st/stm32cubeide_1.7.0/stm32cubeide/plugins/com.st.stm32cube.ide.mcu.externaltools.gnu-tools-for-stm32.9-2020-q2-update.win32_2.0.0.202105311346/tools/bin/../lib/gcc/arm-none-eabi/9.3.1/../../../../arm-none-eabi/lib/thumb/v7-m/nofp\libc_nano.a(lib_a-signalr.o)
                0x000000000800ac4c                _kill_r
 .text._getpid_r
                0x000000000800ac70        0x4 c:/st/stm32cubeide_1.7.0/stm32cubeide/plugins/com.st.stm32cube.ide.mcu.externaltools.gnu-tools-for-stm32.9-2020-q2-update.win32_2.0.0.202105311346/tools/bin/../lib/gcc/arm-none-eabi/9.3.1/../../../../arm-none-eabi/lib/thumb/v7-m/nofp\libc_nano.a(lib_a-signalr.o)
                0x000000000800ac70                _getpid_r
 .text.__sread  0x000000000800ac74       0x22 c:/st/stm32cubeide_1.7.0/stm32cubeide/plugins/com.st.stm32cube.ide.mcu.externaltools.gnu-tools-for-stm32.9-2020-q2-update.win32_2.0.0.202105311346/tools/bin/../lib/gcc/arm-none-eabi/9.3.1/../../../../arm-none-eabi/lib/thumb/v7-m/nofp\libc_nano.a(lib_a-stdio.o)
                0x000000000800ac74                __sread
 .text.__swrite
                0x000000000800ac96       0x38 c:/st/stm32cubeide_1.7.0/stm32cubeide/plugins/com.st.stm32cube.ide.mcu.externaltools.gnu-tools-for-stm32.9-2020-q2-update.win32_2.0.0.202105311346/tools/bin/../lib/gcc/arm-none-eabi/9.3.1/../../../../arm-none-eabi/lib/thumb/v7-m/nofp\libc_nano.a(lib_a-stdio.o)
                0x000000000800ac96                __swrite
 .text.__sseek  0x000000000800acce       0x24 c:/st/stm32cubeide_1.7.0/stm32cubeide/plugins/com.st.stm32cube.ide.mcu.externaltools.gnu-tools-for-stm32.9-2020-q2-update.win32_2.0.0.202105311346/tools/bin/../lib/gcc/arm-none-eabi/9.3.1/../../../../arm-none-eabi/lib/thumb/v7-m/nofp\libc_nano.a(lib_a-stdio.o)
                0x000000000800acce                __sseek
 .text.__sclose
                0x000000000800acf2        0x8 c:/st/stm32cubeide_1.7.0/stm32cubeide/plugins/com.st.stm32cube.ide.mcu.externaltools.gnu-tools-for-stm32.9-2020-q2-update.win32_2.0.0.202105311346/tools/bin/../lib/gcc/arm-none-eabi/9.3.1/../../../../arm-none-eabi/lib/thumb/v7-m/nofp\libc_nano.a(lib_a-stdio.o)
                0x000000000800acf2                __sclose
 *fill*         0x000000000800acfa        0x2 
 .text._write_r
                0x000000000800acfc       0x24 c:/st/stm32cubeide_1.7.0/stm32cubeide/plugins/com.st.stm32cube.ide.mcu.externaltools.gnu-tools-for-stm32.9-2020-q2-update.win32_2.0.0.202105311346/tools/bin/../lib/gcc/arm-none-eabi/9.3.1/../../../../arm-none-eabi/lib/thumb/v7-m/nofp\libc_nano.a(lib_a-writer.o)
                0x000000000800acfc                _write_r
 .text._close_r
                0x000000000800ad20       0x20 c:/st/stm32cubeide_1.7.0/stm32cubeide/plugins/com.st.stm32cube.ide.mcu.externaltools.gnu-tools-for-stm32.9-2020-q2-update.win32_2.0.0.202105311346/tools/bin/../lib/gcc/arm-none-eabi/9.3.1/../../../../arm-none-eabi/lib/thumb/v7-m/nofp\libc_nano.a(lib_a-closer.o)
                0x000000000800ad20                _close_r
 .text._fstat_r
                0x000000000800ad40       0x24 c:/st/stm32cubeide_1.7.0/stm32cubeide/plugins/com.st.stm32cube.ide.mcu.externaltools.gnu-tools-for-stm32.9-2020-q2-update.win32_2.0.0.202105311346/tools/bin/../lib/gcc/arm-none-eabi/9.3.1/../../../../arm-none-eabi/lib/thumb/v7-m/nofp\libc_nano.a(lib_a-fstatr.o)
                0x000000000800ad40                _fstat_r
 .text._isatty_r
                0x000000000800ad64       0x20 c:/st/stm32cubeide_1.7.0/stm32cubeide/plugins/com.st.stm32cube.ide.mcu.externaltools.gnu-tools-for-stm32.9-2020-q2-update.win32_2.0.0.202105311346/tools/bin/../lib/gcc/arm-none-eabi/9.3.1/../../../../arm-none-eabi/lib/thumb/v7-m/nofp\libc_nano.a(lib_a-isattyr.o)
                0x000000000800ad64                _isatty_r
 .text._lseek_r
                0x000000000800ad84       0x24 c:/st/stm32cubeide_1.7.0/stm32cubeide/plugins/com.st.stm32cube.ide.mcu.externaltools.gnu-tools-for-stm32.9-2020-q2-update.win32_2.0.0.202105311346/tools/bin/../lib/gcc/arm-none-eabi/9.3.1/../../../../arm-none-eabi/lib/thumb/v7-m/nofp\libc_nano.a(lib_a-lseekr.o)
                0x000000000800ad84                _lseek_r
 .text._read_r  0x000000000800ada8       0x24 c:/st/stm32cubeide_1.7.0/stm32cubeide/plugins/com.st.stm32cube.ide.mcu.externaltools.gnu-tools-for-stm32.9-2020-q2-update.win32_2.0.0.202105311346/tools/bin/../lib/gcc/arm-none-eabi/9.3.1/../../../../arm-none-eabi/lib/thumb/v7-m/nofp\libc_nano.a(lib_a-readr.o)
                0x000000000800ada8                _read_r
 *(.glue_7)
 .glue_7        0x000000000800adcc        0x0 linker stubs
 *(.glue_7t)
 .glue_7t       0x000000000800adcc        0x0 linker stubs
 *(.eh_frame)
 .eh_frame      0x000000000800adcc        0x0 c:/st/stm32cubeide_1.7.0/stm32cubeide/plugins/com.st.stm32cube.ide.mcu.externaltools.gnu-tools-for-stm32.9-2020-q2-update.win32_2.0.0.202105311346/tools/bin/../lib/gcc/arm-none-eabi/9.3.1/thumb/v7-m/nofp/crtbegin.o
 *(.init)
 .init          0x000000000800adcc        0x4 c:/st/stm32cubeide_1.7.0/stm32cubeide/plugins/com.st.stm32cube.ide.mcu.externaltools.gnu-tools-for-stm32.9-2020-q2-update.win32_2.0.0.202105311346/tools/bin/../lib/gcc/arm-none-eabi/9.3.1/thumb/v7-m/nofp/crti.o
                0x000000000800adcc                _init
 .init          0x000000000800add0        0x8 c:/st/stm32cubeide_1.7.0/stm32cubeide/plugins/com.st.stm32cube.ide.mcu.externaltools.gnu-tools-for-stm32.9-2020-q2-update.win32_2.0.0.202105311346/tools/bin/../lib/gcc/arm-none-eabi/9.3.1/thumb/v7-m/nofp/crtn.o
 *(.fini)
 .fini          0x000000000800add8        0x4 c:/st/stm32cubeide_1.7.0/stm32cubeide/plugins/com.st.stm32cube.ide.mcu.externaltools.gnu-tools-for-stm32.9-2020-q2-update.win32_2.0.0.202105311346/tools/bin/../lib/gcc/arm-none-eabi/9.3.1/thumb/v7-m/nofp/crti.o
                0x000000000800add8                _fini
 .fini          0x000000000800addc        0x8 c:/st/stm32cubeide_1.7.0/stm32cubeide/plugins/com.st.stm32cube.ide.mcu.externaltools.gnu-tools-for-stm32.9-2020-q2-update.win32_2.0.0.202105311346/tools/bin/../lib/gcc/arm-none-eabi/9.3.1/thumb/v7-m/nofp/crtn.o
                0x000000000800ade4                . = ALIGN (0x4)
                0x000000000800ade4                _etext = .

.vfp11_veneer   0x000000000800ade4        0x0
 .vfp11_veneer  0x000000000800ade4        0x0 linker stubs

.v4_bx          0x000000000800ade4        0x0
 .v4_bx         0x000000000800ade4        0x0 linker stubs

.iplt           0x000000000800ade4        0x0
 .iplt          0x000000000800ade4        0x0 c:/st/stm32cubeide_1.7.0/stm32cubeide/plugins/com.st.stm32cube.ide.mcu.externaltools.gnu-tools-for-stm32.9-2020-q2-update.win32_2.0.0.202105311346/tools/bin/../lib/gcc/arm-none-eabi/9.3.1/thumb/v7-m/nofp/crtbegin.o

.rodata         0x000000000800ade8      0x4a4
                0x000000000800ade8                . = ALIGN (0x4)
 *(.rodata)
 .rodata        0x000000000800ade8       0x9b ./Core/Src/main.o
 *(.rodata*)
 *fill*         0x000000000800ae83        0x1 
 .rodata.PLLMulTable
                0x000000000800ae84        0x9 ./Core/Src/system_stm32l1xx.o
                0x000000000800ae84                PLLMulTable
 *fill*         0x000000000800ae8d        0x3 
 .rodata.AHBPrescTable
                0x000000000800ae90       0x10 ./Core/Src/system_stm32l1xx.o
                0x000000000800ae90                AHBPrescTable
 .rodata.APBPrescTable
                0x000000000800aea0        0x8 ./Core/Src/system_stm32l1xx.o
                0x000000000800aea0                APBPrescTable
 .rodata._global_impure_ptr
                0x000000000800aea8        0x4 c:/st/stm32cubeide_1.7.0/stm32cubeide/plugins/com.st.stm32cube.ide.mcu.externaltools.gnu-tools-for-stm32.9-2020-q2-update.win32_2.0.0.202105311346/tools/bin/../lib/gcc/arm-none-eabi/9.3.1/../../../../arm-none-eabi/lib/thumb/v7-m/nofp\libc_nano.a(lib_a-impure.o)
                0x000000000800aea8                _global_impure_ptr
 .rodata._printf_float.str1.1
                0x000000000800aeac       0x12 c:/st/stm32cubeide_1.7.0/stm32cubeide/plugins/com.st.stm32cube.ide.mcu.externaltools.gnu-tools-for-stm32.9-2020-q2-update.win32_2.0.0.202105311346/tools/bin/../lib/gcc/arm-none-eabi/9.3.1/../../../../arm-none-eabi/lib/thumb/v7-m/nofp\libc_nano.a(lib_a-nano-vfprintf_float.o)
 .rodata._printf_i.str1.1
                0x000000000800aebe       0x22 c:/st/stm32cubeide_1.7.0/stm32cubeide/plugins/com.st.stm32cube.ide.mcu.externaltools.gnu-tools-for-stm32.9-2020-q2-update.win32_2.0.0.202105311346/tools/bin/../lib/gcc/arm-none-eabi/9.3.1/../../../../arm-none-eabi/lib/thumb/v7-m/nofp\libc_nano.a(lib_a-nano-vfprintf_i.o)
 .rodata._dtoa_r.str1.1
                0x000000000800aee0       0x94 c:/st/stm32cubeide_1.7.0/stm32cubeide/plugins/com.st.stm32cube.ide.mcu.externaltools.gnu-tools-for-stm32.9-2020-q2-update.win32_2.0.0.202105311346/tools/bin/../lib/gcc/arm-none-eabi/9.3.1/../../../../arm-none-eabi/lib/thumb/v7-m/nofp\libc_nano.a(lib_a-dtoa.o)
                                         0x96 (size before relaxing)
 .rodata._Balloc.str1.1
                0x000000000800af74       0x60 c:/st/stm32cubeide_1.7.0/stm32cubeide/plugins/com.st.stm32cube.ide.mcu.externaltools.gnu-tools-for-stm32.9-2020-q2-update.win32_2.0.0.202105311346/tools/bin/../lib/gcc/arm-none-eabi/9.3.1/../../../../arm-none-eabi/lib/thumb/v7-m/nofp\libc_nano.a(lib_a-mprec.o)
                                         0x77 (size before relaxing)
 .rodata.__multadd.str1.1
                0x000000000800afd4       0x11 c:/st/stm32cubeide_1.7.0/stm32cubeide/plugins/com.st.stm32cube.ide.mcu.externaltools.gnu-tools-for-stm32.9-2020-q2-update.win32_2.0.0.202105311346/tools/bin/../lib/gcc/arm-none-eabi/9.3.1/../../../../arm-none-eabi/lib/thumb/v7-m/nofp\libc_nano.a(lib_a-mprec.o)
 *fill*         0x000000000800afd4        0x4 
 .rodata.__mprec_bigtens
                0x000000000800afd8       0x28 c:/st/stm32cubeide_1.7.0/stm32cubeide/plugins/com.st.stm32cube.ide.mcu.externaltools.gnu-tools-for-stm32.9-2020-q2-update.win32_2.0.0.202105311346/tools/bin/../lib/gcc/arm-none-eabi/9.3.1/../../../../arm-none-eabi/lib/thumb/v7-m/nofp\libc_nano.a(lib_a-mprec.o)
                0x000000000800afd8                __mprec_bigtens
 .rodata.__mprec_tens
                0x000000000800b000       0xc8 c:/st/stm32cubeide_1.7.0/stm32cubeide/plugins/com.st.stm32cube.ide.mcu.externaltools.gnu-tools-for-stm32.9-2020-q2-update.win32_2.0.0.202105311346/tools/bin/../lib/gcc/arm-none-eabi/9.3.1/../../../../arm-none-eabi/lib/thumb/v7-m/nofp\libc_nano.a(lib_a-mprec.o)
                0x000000000800b000                __mprec_tens
 .rodata.p05.6150
                0x000000000800b0c8        0xc c:/st/stm32cubeide_1.7.0/stm32cubeide/plugins/com.st.stm32cube.ide.mcu.externaltools.gnu-tools-for-stm32.9-2020-q2-update.win32_2.0.0.202105311346/tools/bin/../lib/gcc/arm-none-eabi/9.3.1/../../../../arm-none-eabi/lib/thumb/v7-m/nofp\libc_nano.a(lib_a-mprec.o)
 .rodata._svfprintf_r.str1.1
                0x000000000800b0d4       0x11 c:/st/stm32cubeide_1.7.0/stm32cubeide/plugins/com.st.stm32cube.ide.mcu.externaltools.gnu-tools-for-stm32.9-2020-q2-update.win32_2.0.0.202105311346/tools/bin/../lib/gcc/arm-none-eabi/9.3.1/../../../../arm-none-eabi/lib/thumb/v7-m/nofp\libc_nano.a(lib_a-nano-svfprintf.o)
 .rodata.__assert_func.str1.1
                0x000000000800b0e5       0x3c c:/st/stm32cubeide_1.7.0/stm32cubeide/plugins/com.st.stm32cube.ide.mcu.externaltools.gnu-tools-for-stm32.9-2020-q2-update.win32_2.0.0.202105311346/tools/bin/../lib/gcc/arm-none-eabi/9.3.1/../../../../arm-none-eabi/lib/thumb/v7-m/nofp\libc_nano.a(lib_a-assert.o)
                                         0x3d (size before relaxing)
 .rodata._setlocale_r.str1.1
                0x000000000800b121        0x8 c:/st/stm32cubeide_1.7.0/stm32cubeide/plugins/com.st.stm32cube.ide.mcu.externaltools.gnu-tools-for-stm32.9-2020-q2-update.win32_2.0.0.202105311346/tools/bin/../lib/gcc/arm-none-eabi/9.3.1/../../../../arm-none-eabi/lib/thumb/v7-m/nofp\libc_nano.a(lib_a-locale.o)
                                          0x9 (size before relaxing)
 .rodata.str1.1
                0x000000000800b129        0x2 c:/st/stm32cubeide_1.7.0/stm32cubeide/plugins/com.st.stm32cube.ide.mcu.externaltools.gnu-tools-for-stm32.9-2020-q2-update.win32_2.0.0.202105311346/tools/bin/../lib/gcc/arm-none-eabi/9.3.1/../../../../arm-none-eabi/lib/thumb/v7-m/nofp\libc_nano.a(lib_a-locale.o)
 .rodata._vfprintf_r.str1.1
                0x000000000800b12b       0x11 c:/st/stm32cubeide_1.7.0/stm32cubeide/plugins/com.st.stm32cube.ide.mcu.externaltools.gnu-tools-for-stm32.9-2020-q2-update.win32_2.0.0.202105311346/tools/bin/../lib/gcc/arm-none-eabi/9.3.1/../../../../arm-none-eabi/lib/thumb/v7-m/nofp\libc_nano.a(lib_a-nano-vfprintf.o)
 .rodata._ctype_
                0x000000000800b12b      0x101 c:/st/stm32cubeide_1.7.0/stm32cubeide/plugins/com.st.stm32cube.ide.mcu.externaltools.gnu-tools-for-stm32.9-2020-q2-update.win32_2.0.0.202105311346/tools/bin/../lib/gcc/arm-none-eabi/9.3.1/../../../../arm-none-eabi/lib/thumb/v7-m/nofp\libc_nano.a(lib_a-ctype_.o)
                0x000000000800b12b                _ctype_
 .rodata.__sf_fake_stderr
                0x000000000800b22c       0x20 c:/st/stm32cubeide_1.7.0/stm32cubeide/plugins/com.st.stm32cube.ide.mcu.externaltools.gnu-tools-for-stm32.9-2020-q2-update.win32_2.0.0.202105311346/tools/bin/../lib/gcc/arm-none-eabi/9.3.1/../../../../arm-none-eabi/lib/thumb/v7-m/nofp\libc_nano.a(lib_a-findfp.o)
                0x000000000800b22c                __sf_fake_stderr
 .rodata.__sf_fake_stdin
                0x000000000800b24c       0x20 c:/st/stm32cubeide_1.7.0/stm32cubeide/plugins/com.st.stm32cube.ide.mcu.externaltools.gnu-tools-for-stm32.9-2020-q2-update.win32_2.0.0.202105311346/tools/bin/../lib/gcc/arm-none-eabi/9.3.1/../../../../arm-none-eabi/lib/thumb/v7-m/nofp\libc_nano.a(lib_a-findfp.o)
                0x000000000800b24c                __sf_fake_stdin
 .rodata.__sf_fake_stdout
                0x000000000800b26c       0x20 c:/st/stm32cubeide_1.7.0/stm32cubeide/plugins/com.st.stm32cube.ide.mcu.externaltools.gnu-tools-for-stm32.9-2020-q2-update.win32_2.0.0.202105311346/tools/bin/../lib/gcc/arm-none-eabi/9.3.1/../../../../arm-none-eabi/lib/thumb/v7-m/nofp\libc_nano.a(lib_a-findfp.o)
                0x000000000800b26c                __sf_fake_stdout
                0x000000000800b28c                . = ALIGN (0x4)

.ARM.extab      0x000000000800b28c        0x0
                0x000000000800b28c                . = ALIGN (0x4)
 *(.ARM.extab* .gnu.linkonce.armextab.*)
                0x000000000800b28c                . = ALIGN (0x4)

.ARM            0x000000000800b28c        0x8
                0x000000000800b28c                . = ALIGN (0x4)
                0x000000000800b28c                __exidx_start = .
 *(.ARM.exidx*)
 .ARM.exidx     0x000000000800b28c        0x8 c:/st/stm32cubeide_1.7.0/stm32cubeide/plugins/com.st.stm32cube.ide.mcu.externaltools.gnu-tools-for-stm32.9-2020-q2-update.win32_2.0.0.202105311346/tools/bin/../lib/gcc/arm-none-eabi/9.3.1/thumb/v7-m/nofp\libgcc.a(_udivmoddi4.o)
                0x000000000800b294                __exidx_end = .
                0x000000000800b294                . = ALIGN (0x4)

.rel.dyn        0x000000000800b294        0x0
 .rel.iplt      0x000000000800b294        0x0 c:/st/stm32cubeide_1.7.0/stm32cubeide/plugins/com.st.stm32cube.ide.mcu.externaltools.gnu-tools-for-stm32.9-2020-q2-update.win32_2.0.0.202105311346/tools/bin/../lib/gcc/arm-none-eabi/9.3.1/thumb/v7-m/nofp/crtbegin.o

.preinit_array  0x000000000800b294        0x0
                0x000000000800b294                . = ALIGN (0x4)
                0x000000000800b294                PROVIDE (__preinit_array_start = .)
 *(.preinit_array*)
                0x000000000800b294                PROVIDE (__preinit_array_end = .)
                0x000000000800b294                . = ALIGN (0x4)

.init_array     0x000000000800b294        0x4
                0x000000000800b294                . = ALIGN (0x4)
                0x000000000800b294                PROVIDE (__init_array_start = .)
 *(SORT_BY_NAME(.init_array.*))
 *(.init_array*)
 .init_array    0x000000000800b294        0x4 c:/st/stm32cubeide_1.7.0/stm32cubeide/plugins/com.st.stm32cube.ide.mcu.externaltools.gnu-tools-for-stm32.9-2020-q2-update.win32_2.0.0.202105311346/tools/bin/../lib/gcc/arm-none-eabi/9.3.1/thumb/v7-m/nofp/crtbegin.o
                0x000000000800b298                PROVIDE (__init_array_end = .)
                0x000000000800b298                . = ALIGN (0x4)

.fini_array     0x000000000800b298        0x4
                0x000000000800b298                . = ALIGN (0x4)
                [!provide]                        PROVIDE (__fini_array_start = .)
 *(SORT_BY_NAME(.fini_array.*))
 *(.fini_array*)
 .fini_array    0x000000000800b298        0x4 c:/st/stm32cubeide_1.7.0/stm32cubeide/plugins/com.st.stm32cube.ide.mcu.externaltools.gnu-tools-for-stm32.9-2020-q2-update.win32_2.0.0.202105311346/tools/bin/../lib/gcc/arm-none-eabi/9.3.1/thumb/v7-m/nofp/crtbegin.o
                [!provide]                        PROVIDE (__fini_array_end = .)
                0x000000000800b29c                . = ALIGN (0x4)
                0x000000000800b29c                _sidata = LOADADDR (.data)

.data           0x0000000020000000      0x1dc load address 0x000000000800b29c
                0x0000000020000000                . = ALIGN (0x4)
                0x0000000020000000                _sdata = .
 *(.data)
 *(.data*)
 .data.SystemCoreClock
                0x0000000020000000        0x4 ./Core/Src/system_stm32l1xx.o
                0x0000000020000000                SystemCoreClock
 .data.uwTickPrio
                0x0000000020000004        0x4 ./Drivers/STM32L1xx_HAL_Driver/Src/stm32l1xx_hal.o
                0x0000000020000004                uwTickPrio
 .data.uwTickFreq
                0x0000000020000008        0x4 ./Drivers/STM32L1xx_HAL_Driver/Src/stm32l1xx_hal.o
                0x0000000020000008                uwTickFreq
 .data._impure_ptr
                0x000000002000000c        0x4 c:/st/stm32cubeide_1.7.0/stm32cubeide/plugins/com.st.stm32cube.ide.mcu.externaltools.gnu-tools-for-stm32.9-2020-q2-update.win32_2.0.0.202105311346/tools/bin/../lib/gcc/arm-none-eabi/9.3.1/../../../../arm-none-eabi/lib/thumb/v7-m/nofp\libc_nano.a(lib_a-impure.o)
                0x000000002000000c                _impure_ptr
 .data.impure_data
                0x0000000020000010       0x60 c:/st/stm32cubeide_1.7.0/stm32cubeide/plugins/com.st.stm32cube.ide.mcu.externaltools.gnu-tools-for-stm32.9-2020-q2-update.win32_2.0.0.202105311346/tools/bin/../lib/gcc/arm-none-eabi/9.3.1/../../../../arm-none-eabi/lib/thumb/v7-m/nofp\libc_nano.a(lib_a-impure.o)
 .data.__global_locale
                0x0000000020000070      0x16c c:/st/stm32cubeide_1.7.0/stm32cubeide/plugins/com.st.stm32cube.ide.mcu.externaltools.gnu-tools-for-stm32.9-2020-q2-update.win32_2.0.0.202105311346/tools/bin/../lib/gcc/arm-none-eabi/9.3.1/../../../../arm-none-eabi/lib/thumb/v7-m/nofp\libc_nano.a(lib_a-locale.o)
                0x0000000020000070                __global_locale
 *(.RamFunc)
 *(.RamFunc*)
                0x00000000200001dc                . = ALIGN (0x4)
                0x00000000200001dc                _edata = .

.igot.plt       0x00000000200001dc        0x0 load address 0x000000000800b478
 .igot.plt      0x00000000200001dc        0x0 c:/st/stm32cubeide_1.7.0/stm32cubeide/plugins/com.st.stm32cube.ide.mcu.externaltools.gnu-tools-for-stm32.9-2020-q2-update.win32_2.0.0.202105311346/tools/bin/../lib/gcc/arm-none-eabi/9.3.1/thumb/v7-m/nofp/crtbegin.o
                0x00000000200001dc                . = ALIGN (0x4)

.bss            0x00000000200001e0      0x368 load address 0x000000000800b478
                0x00000000200001e0                _sbss = .
                0x00000000200001e0                __bss_start__ = _sbss
 *(.bss)
 .bss           0x00000000200001e0       0x1c c:/st/stm32cubeide_1.7.0/stm32cubeide/plugins/com.st.stm32cube.ide.mcu.externaltools.gnu-tools-for-stm32.9-2020-q2-update.win32_2.0.0.202105311346/tools/bin/../lib/gcc/arm-none-eabi/9.3.1/thumb/v7-m/nofp/crtbegin.o
 *(.bss*)
 .bss._TIM_TIC  0x00000000200001fc        0x4 ./Core/Src/DHT22.o
 .bss._SENSOR_EDGES
                0x0000000020000200        0x1 ./Core/Src/DHT22.o
 *fill*         0x0000000020000201        0x7 
 .bss.data      0x0000000020000208        0x8 ./Core/Src/DHT22.o
 .bss.sensor_0_1.6688
                0x0000000020000210        0x1 ./Core/Src/DHT22.o
 *fill*         0x0000000020000211        0x3 
 .bss.__sbrk_heap_end
                0x0000000020000214        0x4 ./Core/Src/sysmem.o
 .bss.__malloc_free_list
                0x0000000020000218        0x4 c:/st/stm32cubeide_1.7.0/stm32cubeide/plugins/com.st.stm32cube.ide.mcu.externaltools.gnu-tools-for-stm32.9-2020-q2-update.win32_2.0.0.202105311346/tools/bin/../lib/gcc/arm-none-eabi/9.3.1/../../../../arm-none-eabi/lib/thumb/v7-m/nofp\libc_nano.a(lib_a-nano-mallocr.o)
                0x0000000020000218                __malloc_free_list
 .bss.__malloc_sbrk_start
                0x000000002000021c        0x4 c:/st/stm32cubeide_1.7.0/stm32cubeide/plugins/com.st.stm32cube.ide.mcu.externaltools.gnu-tools-for-stm32.9-2020-q2-update.win32_2.0.0.202105311346/tools/bin/../lib/gcc/arm-none-eabi/9.3.1/../../../../arm-none-eabi/lib/thumb/v7-m/nofp\libc_nano.a(lib_a-nano-mallocr.o)
                0x000000002000021c                __malloc_sbrk_start
 *(COMMON)
 COMMON         0x0000000020000220       0x10 ./Core/Src/DHT22.o
                0x0000000020000220                DHT22
 COMMON         0x0000000020000230       0x54 ./Core/Src/i2c.o
                0x0000000020000230                hi2c1
 COMMON         0x0000000020000284      0x20c ./Core/Src/main.o
                0x0000000020000284                Data_T
                0x0000000020000384                DataStruct
                0x0000000020000388                Data_H
                0x0000000020000488                data
 COMMON         0x0000000020000490       0x20 ./Core/Src/rtc.o
                0x0000000020000490                hrtc
 COMMON         0x00000000200004b0       0x40 ./Core/Src/tim.o
                0x00000000200004b0                htim7
 COMMON         0x00000000200004f0       0x44 ./Core/Src/usart.o
                0x00000000200004f0                huart2
 COMMON         0x0000000020000534        0x4 ./Drivers/STM32L1xx_HAL_Driver/Src/stm32l1xx_hal.o
                0x0000000020000534                uwTick
 COMMON         0x0000000020000538        0x4 c:/st/stm32cubeide_1.7.0/stm32cubeide/plugins/com.st.stm32cube.ide.mcu.externaltools.gnu-tools-for-stm32.9-2020-q2-update.win32_2.0.0.202105311346/tools/bin/../lib/gcc/arm-none-eabi/9.3.1/../../../../arm-none-eabi/lib/thumb/v7-m/nofp\libc_nano.a(lib_a-reent.o)
                0x0000000020000538                errno
 COMMON         0x000000002000053c        0x9 c:/st/stm32cubeide_1.7.0/stm32cubeide/plugins/com.st.stm32cube.ide.mcu.externaltools.gnu-tools-for-stm32.9-2020-q2-update.win32_2.0.0.202105311346/tools/bin/../lib/gcc/arm-none-eabi/9.3.1/../../../../arm-none-eabi/lib/thumb/v7-m/nofp\libc_nano.a(lib_a-lock.o)
                0x000000002000053c                __lock___atexit_recursive_mutex
                0x000000002000053d                __lock___arc4random_mutex
                0x000000002000053e                __lock___env_recursive_mutex
                0x000000002000053f                __lock___sinit_recursive_mutex
                0x0000000020000540                __lock___malloc_recursive_mutex
                0x0000000020000541                __lock___at_quick_exit_mutex
                0x0000000020000542                __lock___dd_hash_mutex
                0x0000000020000543                __lock___tz_mutex
                0x0000000020000544                __lock___sfp_recursive_mutex