01:19:17 **** Incremental Build of configuration Debug for project dht22_sht31_lcd ****
make -j8 all 
arm-none-eabi-gcc "../Core/Src/main.c" -mcpu=cortex-m3 -std=gnu11 -g3 -DDEBUG -DUSE_HAL_DRIVER -DSTM32L152xE -c -I../Core/Inc -I../Drivers/STM32L1xx_HAL_Driver/Inc -I../Drivers/STM32L1xx_HAL_Driver/Inc/Legacy -I../Drivers/CMSIS/Device/ST/STM32L1xx/Include -I../Drivers/CMSIS/Include -O0 -ffunction-sections -fdata-sections -Wall -fstack-usage -MMD -MP -MF"Core/Src/main.d" -MT"Core/Src/main.o" --specs=nano.specs -mfloat-abi=soft -mthumb -o "Core/Src/main.o"
arm-none-eabi-gcc -o "dht22_sht31_lcd.elf" @"objects.list"   -mcpu=cortex-m3 -T"C:\Users\ntarabay\STM32CubeIDE\workspace_1.7.0\dht22_sht31_lcd\STM32L152RETX_FLASH.ld" --specs=nosys.specs -Wl,-Map="dht22_sht31_lcd.map" -Wl,--gc-sections -static --specs=nano.specs -mfloat-abi=soft -mthumb -u _printf_float -Wl,--start-group -lc -lm -Wl,--end-group
Finished building target: dht22_sht31_lcd.elf
 
arm-none-eabi-size   dht22_sht31_lcd.elf 
arm-none-eabi-objdump -h -S  dht22_sht31_lcd.elf  > "dht22_sht31_lcd.list"
arm-none-eabi-objcopy  -O binary  dht22_sht31_lcd.elf  "dht22_sht31_lcd.bin"
   text	   data	    bss	    dec	    hex	filename
  45708	    484	   2408	  48600	   bdd8	dht22_sht31_lcd.elf
Finished building: default.size.stdout
 
Finished building: dht22_sht31_lcd.bin
 
Finished building: dht22_sht31_lcd.list
 
