23:23:58 **** Incremental Build of configuration Debug for project TP_BASE_SHT31_LCD ****
make -j8 all 
arm-none-eabi-gcc "../Core/Src/main.c" -mcpu=cortex-m3 -std=gnu11 -g3 -DDEBUG -DUSE_HAL_DRIVER -DSTM32L152xE -c -I../Core/Inc -I../Drivers/STM32L1xx_HAL_Driver/Inc -I../Drivers/STM32L1xx_HAL_Driver/Inc/Legacy -I../Drivers/CMSIS/Device/ST/STM32L1xx/Include -I../Drivers/CMSIS/Include -O0 -ffunction-sections -fdata-sections -Wall -fstack-usage -MMD -MP -MF"Core/Src/main.d" -MT"Core/Src/main.o" --specs=nano.specs -mfloat-abi=soft -mthumb -o "Core/Src/main.o"
arm-none-eabi-gcc -o "TP_BASE_SHT31_LCD.elf" @"objects.list"   -mcpu=cortex-m3 -T"C:\Users\ntarabay\STM32CubeIDE\workspace_1.7.0\TP_BASE_SHT31_LCD\STM32L152RETX_FLASH.ld" --specs=nosys.specs -Wl,-Map="TP_BASE_SHT31_LCD.map" -Wl,--gc-sections -static --specs=nano.specs -mfloat-abi=soft -mthumb -u _printf_float -Wl,--start-group -lc -lm -Wl,--end-group
Finished building target: TP_BASE_SHT31_LCD.elf
 
arm-none-eabi-size   TP_BASE_SHT31_LCD.elf 
arm-none-eabi-objdump -h -S  TP_BASE_SHT31_LCD.elf  > "TP_BASE_SHT31_LCD.list"
arm-none-eabi-objcopy  -O binary  TP_BASE_SHT31_LCD.elf  "TP_BASE_SHT31_LCD.bin"
   text	   data	    bss	    dec	    hex	filename
  37476	    484	   2340	  40300	   9d6c	TP_BASE_SHT31_LCD.elf
Finished building: default.size.stdout
 
Finished building: TP_BASE_SHT31_LCD.bin
Finished building: TP_BASE_SHT31_LCD.list
 
 

23:24:01 Build Finished. 0 errors, 0 warnings. (took 3s.27ms)

